Component: ARM Compiler 5.06 update 6 (build 750) Tool: armlink [4d35ed]

==============================================================================

Section Cross References

    communication.o(.text) refers to usart.o(.text) for usart3_tx_ringbuffer_push
    communication.o(.text) refers to usbd_cdc_vcp.o(.text) for VCP_put_char
    communication.o(.text) refers to memcpya.o(.text) for __aeabi_memcpy
    communication.o(.text) refers to memseta.o(.text) for __aeabi_memclr
    communication.o(.text) refers to communication.o(.bss) for .bss
    communication.o(.text) refers to communication.o(.constdata) for .constdata
    communication.o(.text) refers to settings.o(.bss) for global_data
    communication.o(.text) refers to communication.o(.data) for .data
    communication.o(.text) refers to debug.o(.text) for debug_int_message_buffer
    communication.o(.text) refers to main.o(.text) for get_boot_time_us
    communication.o(.text) refers to reset.o(.text) for systemreset
    debug.o(.text) refers to memcpya.o(.text) for __aeabi_memcpy
    debug.o(.text) refers to memseta.o(.text) for __aeabi_memclr
    debug.o(.text) refers to strncat.o(.text) for strncat
    debug.o(.text) refers to utils.o(.text) for ftoa
    debug.o(.text) refers to strncpy.o(.text) for strncpy
    debug.o(.text) refers to strlen.o(.text) for strlen
    debug.o(.text) refers to communication.o(.text) for mavlink_get_channel_status
    debug.o(.text) refers to debug.o(.data) for .data
    debug.o(.text) refers to debug.o(.bss) for .bss
    debug.o(.text) refers to settings.o(.bss) for global_data
    debug.o(.text) refers to communication.o(.bss) for mavlink_system
    gyro.o(.text) refers to stm32f4xx_spi.o(.text) for SPI_I2S_GetFlagStatus
    gyro.o(.text) refers to stm32f4xx_gpio.o(.text) for GPIO_ResetBits
    gyro.o(.text) refers to stm32f4xx_rcc.o(.text) for RCC_APB1PeriphClockCmd
    gyro.o(.text) refers to settings.o(.bss) for global_data
    gyro.o(.text) refers to gyro.o(.data) for .data
    i2c.o(.text) refers to stm32f4xx_gpio.o(.text) for GPIO_ReadInputData
    i2c.o(.text) refers to stm32f4xx_i2c.o(.text) for I2C_DeInit
    i2c.o(.text) refers to stm32f4xx_rcc.o(.text) for RCC_APB1PeriphClockCmd
    i2c.o(.text) refers to misc.o(.text) for NVIC_Init
    i2c.o(.text) refers to gyro.o(.text) for getGyroScalingFactor
    i2c.o(.text) refers to main.o(.text) for get_boot_time_us
    i2c.o(.text) refers to i2c.o(.data) for .data
    i2c.o(.text) refers to i2c.o(.bss) for .bss
    i2c.o(.text) refers to memcpya.o(.text) for __aeabi_memcpy
    led.o(.text) refers to stm32f4xx_rcc.o(.text) for RCC_AHB1PeriphClockCmd
    led.o(.text) refers to stm32f4xx_gpio.o(.text) for GPIO_Init
    led.o(.text) refers to led.o(.constdata) for .constdata
    led.o(.text) refers to led.o(.data) for .data
    main.o(.text) refers to led.o(.text) for LEDToggle
    main.o(.text) refers to settings.o(.text) for global_data_reset_param_defaults
    main.o(.text) refers to usbd_core.o(.text) for USBD_Init
    main.o(.text) refers to communication.o(.text) for communication_init
    main.o(.text) refers to gyro.o(.text) for gyro_config
    main.o(.text) refers to usart.o(.text) for usart_init
    main.o(.text) refers to i2c.o(.text) for i2c_init
    main.o(.text) refers to main.o(.data) for .data
    main.o(.text) refers to main.o(.bss) for .bss
    main.o(.text) refers to system_stm32f4xx.o(.data) for SystemCoreClock
    main.o(.text) refers to usbd_usr.o(.data) for USR_cb
    main.o(.text) refers to usbd_cdc_core.o(.data) for USBD_CDC_cb
    main.o(.text) refers to usbd_desc.o(.data) for USR_desc
    settings.o(.text) refers to strcpy.o(.text) for strcpy
    settings.o(.text) refers to debug.o(.text) for debug_int_message_buffer
    settings.o(.text) refers to settings.o(.bss) for .bss
    usart.o(.text) refers to stm32f4xx_usart.o(.text) for USART_ITConfig
    usart.o(.text) refers to misc.o(.text) for NVIC_Init
    usart.o(.text) refers to stm32f4xx_rcc.o(.text) for RCC_APB1PeriphClockCmd
    usart.o(.text) refers to stm32f4xx_gpio.o(.text) for GPIO_PinAFConfig
    usart.o(.text) refers to usart.o(.data) for .data
    usart.o(.text) refers to usart.o(.bss) for .bss
    usart.o(.text) refers to settings.o(.bss) for global_data
    usb_bsp.o(.text) refers to stm32f4xx_rcc.o(.text) for RCC_AHB1PeriphClockCmd
    usb_bsp.o(.text) refers to stm32f4xx_gpio.o(.text) for GPIO_Init
    usb_bsp.o(.text) refers to misc.o(.text) for NVIC_PriorityGroupConfig
    usbd_cdc_vcp.o(.text) refers to usbd_cdc_vcp.o(.data) for .data
    usbd_cdc_vcp.o(.text) refers to usbd_cdc_core.o(.data) for APP_Rx_ptr_in
    usbd_cdc_vcp.o(.text) refers to usbd_cdc_core.o(.bss) for APP_Rx_Buffer
    usbd_cdc_vcp.o(.text) refers to usbd_cdc_vcp.o(.bss) for .bss
    usbd_cdc_vcp.o(.data) refers to usbd_cdc_vcp.o(.text) for VCP_Init
    usbd_desc.o(.text) refers to usbd_req.o(.text) for USBD_GetString
    usbd_desc.o(.text) refers to usbd_desc.o(.data) for .data
[...]
    entry.o(.ARM.Collect$$$$00000000) refers (Special) to entry7b.o(.ARM.Collect$$$$00000008) for _main_clock
    entry.o(.ARM.Collect$$$$00000000) refers (Special) to entry8b.o(.ARM.Collect$$$$0000000A) for _main_cpp_init
    entry.o(.ARM.Collect$$$$00000000) refers (Special) to entry9a.o(.ARM.Collect$$$$0000000B) for _main_init
    entry.o(.ARM.Collect$$$$00000000) refers (Special) to entry5.o(.ARM.Collect$$$$00000004) for _main_scatterload
    entry.o(.ARM.Collect$$$$00000000) refers (Special) to entry2.o(.ARM.Collect$$$$00000001) for _main_stk
    entry2.o(.ARM.Collect$$$$00000001) refers to entry2.o(.ARM.Collect$$$$00002712) for __lit__00000000
    entry2.o(.ARM.Collect$$$$00002712) refers to startup_stm32f4xx.o(STACK) for __initial_sp
    entry2.o(__vectab_stack_and_reset_area) refers to startup_stm32f4xx.o(STACK) for __initial_sp
    entry2.o(__vectab_stack_and_reset_area) refers to entry.o(.ARM.Collect$$$$00000000) for __main
    entry5.o(.ARM.Collect$$$$00000004) refers to init.o(.text) for __scatterload
    entry9a.o(.ARM.Collect$$$$0000000B) refers to main.o(.text) for main
    entry9b.o(.ARM.Collect$$$$0000000C) refers to main.o(.text) for main
    init.o(.text) refers to entry5.o(.ARM.Collect$$$$00000004) for __main_after_scatterload


==============================================================================

Removing Unused input sections from the image.

    Removing gyro.o(.emb_text), (8 bytes).
    Removing gyro.o(.constdata), (4 bytes).
    Removing gyro.o(.data), (1 bytes).
    Removing i2c.o(.emb_text), (8 bytes).
    Removing led.o(.emb_text), (8 bytes).
    Removing main.o(.emb_text), (8 bytes).
    Removing settings.o(.data), (1 bytes).
    Removing usart.o(.emb_text), (8 bytes).
    Removing usb_bsp.o(.emb_text), (8 bytes).
    Removing usbd_cdc_vcp.o(.emb_text), (8 bytes).
    Removing usbd_desc.o(.emb_text), (8 bytes).
    Removing usbd_desc.o(.data), (10 bytes).
    Removing usbd_usr.o(.emb_text), (8 bytes).
    Removing stm32f4xx_it.o(.emb_text), (8 bytes).
    Removing system_stm32f4xx.o(.emb_text), (8 bytes).
    Removing startup_stm32f4xx.o(HEAP), (512 bytes).
    Removing misc.o(.emb_text), (8 bytes).
    Removing stm32f4xx_adc.o(.emb_text), (8 bytes).
    Removing stm32f4xx_adc.o(.text), (928 bytes).
    Removing stm32f4xx_dcmi.o(.emb_text), (8 bytes).
    Removing stm32f4xx_dcmi.o(.text), (348 bytes).
    Removing stm32f4xx_dma.o(.emb_text), (8 bytes).
    Removing stm32f4xx_dma.o(.text), (836 bytes).
    Removing stm32f4xx_gpio.o(.emb_text), (8 bytes).
    Removing stm32f4xx_i2c.o(.emb_text), (8 bytes).
    Removing stm32f4xx_rcc.o(.emb_text), (8 bytes).
    Removing stm32f4xx_spi.o(.emb_text), (8 bytes).
    Removing stm32f4xx_tim.o(.emb_text), (8 bytes).
    Removing stm32f4xx_tim.o(.text), (2754 bytes).
    Removing stm32f4xx_usart.o(.emb_text), (8 bytes).
    Removing usb_core.o(.emb_text), (8 bytes).
    Removing usb_dcd.o(.emb_text), (8 bytes).
    Removing usb_dcd_int.o(.emb_text), (8 bytes).
    Removing usbd_core.o(.emb_text), (8 bytes).
    Removing usbd_ioreq.o(.emb_text), (8 bytes).
    Removing usbd_req.o(.emb_text), (8 bytes).
    Removing usbd_cdc_core.o(.emb_text), (8 bytes).
    Removing usbd_cdc_core.o(.bss), (67 bytes).

38 unused section(s) (total 5685 bytes) removed from the image.

==============================================================================

Image Symbol Table

    Local Symbols

    Symbol Name                              Value     Ov Type        Size  Object(Section)

    ../clib/../cmprslib/zerorunl2.c          0x00000000   Number         0  __dczerorl2.o ABSOLUTE
    ../clib/microlib/init/entry.s            0x00000000   Number         0  entry10b.o ABSOLUTE
    ../clib/microlib/init/entry.s            0x00000000   Number         0  entry7a.o ABSOLUTE
    ../clib/microlib/init/entry.s            0x00000000   Number         0  entry.o ABSOLUTE
    ../clib/microlib/init/entry.s            0x00000000   Number         0  entry7b.o ABSOLUTE
    ../clib/microlib/init/entry.s            0x00000000   Number         0  entry8a.o ABSOLUTE
    ../clib/microlib/init/entry.s            0x00000000   Number         0  entry8b.o ABSOLUTE
    ../clib/microlib/init/entry.s            0x00000000   Number         0  entry9a.o ABSOLUTE
    ../clib/microlib/init/entry.s            0x00000000   Number         0  entry5.o ABSOLUTE
    ../clib/microlib/init/entry.s            0x00000000   Number         0  entry9b.o ABSOLUTE
    ../clib/microlib/init/entry.s            0x00000000   Number         0  entry11b.o ABSOLUTE
    ../clib/microlib/init/entry.s            0x00000000   Number         0  entry11a.o ABSOLUTE
    ../clib/microlib/init/entry.s            0x00000000   Number         0  entry2.o ABSOLUTE
    ../clib/microlib/init/entry.s            0x00000000   Number         0  entry10a.o ABSOLUTE
    ../clib/microlib/string/memcpy.c         0x00000000   Number         0  memcpya.o ABSOLUTE
    ../clib/microlib/string/memcpy.c         0x00000000   Number         0  memcpyb.o ABSOLUTE
    ../clib/microlib/string/memset.c         0x00000000   Number         0  memseta.o ABSOLUTE
    ../clib/microlib/string/strcpy.c         0x00000000   Number         0  strcpy.o ABSOLUTE
    ../clib/microlib/string/strlen.c         0x00000000   Number         0  strlen.o ABSOLUTE
    ../clib/microlib/string/strncat.c        0x00000000   Number         0  strncat.o ABSOLUTE
    ../clib/microlib/string/strncpy.c        0x00000000   Number         0  strncpy.o ABSOLUTE
    Code\\lib\\STM32F4xx_StdPeriph_Driver\\src\\misc.c 0x00000000   Number         0  misc.o ABSOLUTE
    Code\\lib\\STM32F4xx_StdPeriph_Driver\\src\\stm32f4xx_adc.c 0x00000000   Number         0  stm32f4xx_adc.o ABSOLUTE
    Code\\lib\\STM32F4xx_StdPeriph_Driver\\src\\stm32f4xx_dcmi.c 0x00000000   Number         0  stm32f4xx_dcmi.o ABSOLUTE
    Code\\lib\\STM32F4xx_StdPeriph_Driver\\src\\stm32f4xx_dma.c 0x00000000   Number         0  stm32f4xx_dma.o ABSOLUTE
    Code\\lib\\STM32F4xx_StdPeriph_Driver\\src\\stm32f4xx_gpio.c 0x00000000   Number         0  stm32f4xx_gpio.o ABSOLUTE
    Code\\lib\\STM32F4xx_StdPeriph_Driver\\src\\stm32f4xx_i2c.c 0x00000000   Number         0  stm32f4xx_i2c.o ABSOLUTE
    Code\\lib\\STM32F4xx_StdPeriph_Driver\\src\\stm32f4xx_rcc.c 0x00000000   Number         0  stm32f4xx_rcc.o ABSOLUTE
    Code\\lib\\STM32F4xx_StdPeriph_Driver\\src\\stm32f4xx_spi.c 0x00000000   Number         0  stm32f4xx_spi.o ABSOLUTE
    Code\\lib\\STM32F4xx_StdPeriph_Driver\\src\\stm32f4xx_tim.c 0x00000000   Number         0  stm32f4xx_tim.o ABSOLUTE
    Code\\lib\\STM32F4xx_StdPeriph_Driver\\src\\stm32f4xx_usart.c 0x00000000   Number         0  stm32f4xx_usart.o ABSOLUTE
    Code\\lib\\STM32_USB_Device_Library\\Class\\cdc\\src\\usbd_cdc_core.c 0x00000000   Number         0  usbd_cdc_core.o ABSOLUTE
    Code\\lib\\STM32_USB_Device_Library\\Core\\src\\usbd_core.c 0x00000000   Number         0  usbd_core.o ABSOLUTE
    Code\\lib\\STM32_USB_Device_Library\\Core\\src\\usbd_ioreq.c 0x00000000   Number         0  usbd_ioreq.o ABSOLUTE
    Code\\lib\\STM32_USB_Device_Library\\Core\\src\\usbd_req.c 0x00000000   Number         0  usbd_req.o ABSOLUTE
    Code\\lib\\STM32_USB_OTG_Driver\\src\\usb_core.c 0x00000000   Number         0  usb_core.o ABSOLUTE
    Code\\lib\\STM32_USB_OTG_Driver\\src\\usb_dcd.c 0x00000000   Number         0  usb_dcd.o ABSOLUTE
    Code\\lib\\STM32_USB_OTG_Driver\\src\\usb_dcd_int.c 0x00000000   Number         0  usb_dcd_int.o ABSOLUTE
    Code\\src\\gyro.c                        0x00000000   Number         0  gyro.o ABSOLUTE
    Code\\src\\i2c.c                         0x00000000   Number         0  i2c.o ABSOLUTE
    Code\\src\\led.c                         0x00000000   Number         0  led.o ABSOLUTE
    Code\\src\\main.c                        0x00000000   Number         0  main.o ABSOLUTE
    Code\\src\\stm32f4xx_it.c                0x00000000   Number         0  stm32f4xx_it.o ABSOLUTE
    Code\\src\\system_stm32f4xx.c            0x00000000   Number         0  system_stm32f4xx.o ABSOLUTE
    Code\\src\\usart.c                       0x00000000   Number         0  usart.o ABSOLUTE
    Code\\src\\usb_bsp.c                     0x00000000   Number         0  usb_bsp.o ABSOLUTE
    Code\\src\\usbd_cdc_vcp.c                0x00000000   Number         0  usbd_cdc_vcp.o ABSOLUTE
    Code\\src\\usbd_desc.c                   0x00000000   Number         0  usbd_desc.o ABSOLUTE
    Code\\src\\usbd_usr.c                    0x00000000   Number         0  usbd_usr.o ABSOLUTE
    Code\lib\STM32F4xx_StdPeriph_Driver\src\misc.c 0x00000000   Number         0  misc.o ABSOLUTE
    Code\lib\STM32F4xx_StdPeriph_Driver\src\stm32f4xx_adc.c 0x00000000   Number         0  stm32f4xx_adc.o ABSOLUTE
    Code\lib\STM32F4xx_StdPeriph_Driver\src\stm32f4xx_dcmi.c 0x00000000   Number         0  stm32f4xx_dcmi.o ABSOLUTE
    Code\lib\STM32F4xx_StdPeriph_Driver\src\stm32f4xx_dma.c 0x00000000   Number         0  stm32f4xx_dma.o ABSOLUTE
    Code\lib\STM32F4xx_StdPeriph_Driver\src\stm32f4xx_gpio.c 0x00000000   Number         0  stm32f4xx_gpio.o ABSOLUTE
    Code\lib\STM32F4xx_StdPeriph_Driver\src\stm32f4xx_i2c.c 0x00000000   Number         0  stm32f4xx_i2c.o ABSOLUTE
    Code\lib\STM32F4xx_StdPeriph_Driver\src\stm32f4xx_rcc.c 0x00000000   Number         0  stm32f4xx_rcc.o ABSOLUTE
    Code\lib\STM32F4xx_StdPeriph_Driver\src\stm32f4xx_spi.c 0x00000000   Number         0  stm32f4xx_spi.o ABSOLUTE
    Code\lib\STM32F4xx_StdPeriph_Driver\src\stm32f4xx_tim.c 0x00000000   Number         0  stm32f4xx_tim.o ABSOLUTE
    Code\lib\STM32F4xx_StdPeriph_Driver\src\stm32f4xx_usart.c 0x00000000   Number         0  stm32f4xx_usart.o ABSOLUTE
    Code\lib\STM32_USB_Device_Library\Class\cdc\src\usbd_cdc_core.c 0x00000000   Number         0  usbd_cdc_core.o ABSOLUTE
    Code\lib\STM32_USB_Device_Library\Core\src\usbd_core.c 0x00000000   Number         0  usbd_core.o ABSOLUTE
    Code\lib\STM32_USB_Device_Library\Core\src\usbd_ioreq.c 0x00000000   Number         0  usbd_ioreq.o ABSOLUTE
    Code\lib\STM32_USB_Device_Library\Core\src\usbd_req.c 0x00000000   Number         0  usbd_req.o ABSOLUTE
    Code\lib\STM32_USB_OTG_Driver\src\usb_core.c 0x00000000   Number         0  usb_core.o ABSOLUTE
    Code\lib\STM32_USB_OTG_Driver\src\usb_dcd.c 0x00000000   Number         0  usb_dcd.o ABSOLUTE
    Code\lib\STM32_USB_OTG_Driver\src\usb_dcd_int.c 0x00000000   Number         0  usb_dcd_int.o ABSOLUTE
    Code\lib\startup_stm32f4xx.s             0x00000000   Number         0  startup_stm32f4xx.o ABSOLUTE
    Code\src\communication.c                 0x00000000   Number         0  communication.o ABSOLUTE
    Code\src\debug.c                         0x00000000   Number         0  debug.o ABSOLUTE
    Code\src\gyro.c                          0x00000000   Number         0  gyro.o ABSOLUTE
    Code\src\i2c.c                           0x00000000   Number         0  i2c.o ABSOLUTE
    Code\src\led.c                           0x00000000   Number         0  led.o ABSOLUTE
    Code\src\main.c                          0x00000000   Number         0  main.o ABSOLUTE
    Code\src\reset.c                         0x00000000   Number         0  reset.o ABSOLUTE
    Code\src\settings.c                      0x00000000   Number         0  settings.o ABSOLUTE
    Code\src\stm32f4xx_it.c                  0x00000000   Number         0  stm32f4xx_it.o ABSOLUTE
    Code\src\system_stm32f4xx.c              0x00000000   Number         0  system_stm32f4xx.o ABSOLUTE
    Code\src\usart.c                         0x00000000   Number         0  usart.o ABSOLUTE
    Code\src\usb_bsp.c                       0x00000000   Number         0  usb_bsp.o ABSOLUTE
    Code\src\usbd_cdc_vcp.c                  0x00000000   Number         0  usbd_cdc_vcp.o ABSOLUTE
    Code\src\usbd_desc.c                     0x00000000   Number         0  usbd_desc.o ABSOLUTE
    Code\src\usbd_usr.c                      0x00000000   Number         0  usbd_usr.o ABSOLUTE
    Code\src\utils.c                         0x00000000   Number         0  utils.o ABSOLUTE
    dc.s                                     0x00000000   Number         0  dc.o ABSOLUTE
    handlers.s                               0x00000000   Number         0  handlers.o ABSOLUTE
    init.s                                   0x00000000   Number         0  init.o ABSOLUTE
    RESET                                    0x08000000   Section      392  startup_stm32f4xx.o(RESET)
    .ARM.Collect$$$$00000000                 0x08000188   Section        0  entry.o(.ARM.Collect$$$$00000000)
    .ARM.Collect$$$$00000001                 0x08000188   Section        4  entry2.o(.ARM.Collect$$$$00000001)
    .ARM.Collect$$$$00000004                 0x0800018c   Section        4  entry5.o(.ARM.Collect$$$$00000004)
    .ARM.Collect$$$$00000008                 0x08000190   Section        0  entry7b.o(.ARM.Collect$$$$00000008)
    .ARM.Collect$$$$0000000A                 0x08000190   Section        0  entry8b.o(.ARM.Collect$$$$0000000A)
    .ARM.Collect$$$$0000000B                 0x08000190   Section        8  entry9a.o(.ARM.Collect$$$$0000000B)
    .ARM.Collect$$$$0000000D                 0x08000198   Section        0  entry10a.o(.ARM.Collect$$$$0000000D)
    .ARM.Collect$$$$0000000F                 0x08000198   Section        0  entry11a.o(.ARM.Collect$$$$0000000F)
    .ARM.Collect$$$$00002712                 0x08000198   Section        4  entry2.o(.ARM.Collect$$$$00002712)
    __lit__00000000                          0x08000198   Data           4  entry2.o(.ARM.Collect$$$$00002712)
    .text                                    0x0800019c   Section        0  communication.o(.text)
    _mav_finalize_message_chan_send          0x080001df   Thumb Code   182  communication.o(.text)
    mavlink_parse_char                       0x080002a3   Thumb Code   378  communication.o(.text)
    mavlink_msg_param_value_send             0x0800041d   Thumb Code    64  communication.o(.text)
    crc_accumulate                           0x08000879   Thumb Code    30  communication.o(.text)
    mavlink_msg_to_send_buffer               0x08000897   Thumb Code    40  communication.o(.text)
    mavlink_update_checksum                  0x080008bf   Thumb Code     8  communication.o(.text)
    mavlink_msg_heartbeat_send               0x080008c7   Thumb Code    46  communication.o(.text)
    mavlink_msg_command_ack_send             0x080008f5   Thumb Code    26  communication.o(.text)
    .text                                    0x08000934   Section        0  debug.o(.text)
    mavlink_msg_statustext_send              0x08000935   Thumb Code    56  debug.o(.text)
    debug_message_buffer                     0x0800096d   Thumb Code    52  debug.o(.text)
    _mav_finalize_message_chan_send          0x08000b09   Thumb Code   182  debug.o(.text)
    crc_accumulate                           0x08000bbf   Thumb Code    30  debug.o(.text)
    .text                                    0x08000bf0   Section        0  gyro.o(.text)
    .text                                    0x08000f98   Section        0  i2c.o(.text)
    .text                                    0x080014a8   Section        0  led.o(.text)
    .text                                    0x08001524   Section        0  main.o(.text)
    .text                                    0x080016b8   Section        0  reset.o(.text)
    .text                                    0x08001708   Section        0  settings.o(.text)
    .text                                    0x080019c8   Section        0  usart.o(.text)
    .text                                    0x08001e14   Section        0  usb_bsp.o(.text)
    .text                                    0x08001eec   Section        0  usbd_cdc_vcp.o(.text)
    VCP_Init                                 0x08001eed   Thumb Code     4  usbd_cdc_vcp.o(.text)
    VCP_DeInit                               0x08001ef1   Thumb Code     4  usbd_cdc_vcp.o(.text)
    VCP_Ctrl                                 0x08001ef5   Thumb Code    52  usbd_cdc_vcp.o(.text)
    VCP_DataTx                               0x08001f29   Thumb Code    46  usbd_cdc_vcp.o(.text)
    VCP_DataRx                               0x08001f71   Thumb Code    52  usbd_cdc_vcp.o(.text)
    .text                                    0x0800205c   Section        0  usbd_desc.o(.text)
    .text                                    0x08002150   Section        0  usbd_usr.o(.text)
    .text                                    0x08002160   Section        0  utils.o(.text)
    .text                                    0x0800230c   Section        0  stm32f4xx_it.o(.text)
    .text                                    0x0800232c   Section        0  system_stm32f4xx.o(.text)
    SetSysClock                              0x0800232d   Thumb Code   168  system_stm32f4xx.o(.text)
    .text                                    0x080024c4   Section       36  startup_stm32f4xx.o(.text)
    $v0                                      0x080024c4   Number         0  startup_stm32f4xx.o(.text)
    .text                                    0x080024e8   Section        0  misc.o(.text)
    .text                                    0x080025a4   Section        0  stm32f4xx_gpio.o(.text)
    .text                                    0x080027c8   Section        0  stm32f4xx_i2c.o(.text)
    .text                                    0x08002b80   Section        0  stm32f4xx_rcc.o(.text)
    .text                                    0x08002fb8   Section        0  stm32f4xx_spi.o(.text)
    .text                                    0x080032ec   Section        0  stm32f4xx_usart.o(.text)
    .text                                    0x080036a0   Section        0  usb_core.o(.text)
    USB_OTG_EnableCommonInt                  0x080036a1   Thumb Code    24  usb_core.o(.text)
    USB_OTG_CoreReset                        0x080036b9   Thumb Code    86  usb_core.o(.text)
    .text                                    0x0800417c   Section        0  usb_dcd.o(.text)
    .text                                    0x080043dc   Section        0  usb_dcd_int.o(.text)
    DCD_OTG_ISR                              0x080043dd   Thumb Code    32  usb_dcd_int.o(.text)
    DCD_SessionRequest_ISR                   0x080043fd   Thumb Code    26  usb_dcd_int.o(.text)
    DCD_IsoOUTIncomplete_ISR                 0x08004417   Thumb Code    26  usb_dcd_int.o(.text)
    DCD_IsoINIncomplete_ISR                  0x08004431   Thumb Code    26  usb_dcd_int.o(.text)
    DCD_HandleEnumDone_ISR                   0x0800444b   Thumb Code    86  usb_dcd_int.o(.text)
    DCD_HandleUsbReset_ISR                   0x080044a1   Thumb Code   160  usb_dcd_int.o(.text)
    DCD_HandleRxStatusQueueLevel_ISR         0x08004541   Thumb Code   134  usb_dcd_int.o(.text)
    DCD_HandleSof_ISR                        0x080045c7   Thumb Code    24  usb_dcd_int.o(.text)
    DCD_HandleUSBSuspend_ISR                 0x080045df   Thumb Code   108  usb_dcd_int.o(.text)
    DCD_HandleResume_ISR                     0x0800464b   Thumb Code    62  usb_dcd_int.o(.text)
    DCD_WriteEmptyTxFifo                     0x08004689   Thumb Code   154  usb_dcd_int.o(.text)
    DCD_ReadDevInEP                          0x08004723   Thumb Code    28  usb_dcd_int.o(.text)
    DCD_HandleInEP_ISR                       0x0800473f   Thumb Code   216  usb_dcd_int.o(.text)
    DCD_HandleOutEP_ISR                      0x08004817   Thumb Code   178  usb_dcd_int.o(.text)
    .text                                    0x08004990   Section        0  usbd_core.o(.text)
    USBD_SetupStage                          0x080049d5   Thumb Code    74  usbd_core.o(.text)
    USBD_DataOutStage                        0x08004a1f   Thumb Code   122  usbd_core.o(.text)
    USBD_RunTestMode                         0x08004a99   Thumb Code    12  usbd_core.o(.text)
    USBD_DataInStage                         0x08004aa5   Thumb Code   172  usbd_core.o(.text)
    USBD_Reset                               0x08004b51   Thumb Code    48  usbd_core.o(.text)
    USBD_Resume                              0x08004b81   Thumb Code    22  usbd_core.o(.text)
    USBD_Suspend                             0x08004b97   Thumb Code    26  usbd_core.o(.text)
    USBD_SOF                                 0x08004bb1   Thumb Code    18  usbd_core.o(.text)
    USBD_IsoINIncomplete                     0x08004beb   Thumb Code    14  usbd_core.o(.text)
    USBD_IsoOUTIncomplete                    0x08004bf9   Thumb Code    14  usbd_core.o(.text)
    USBD_DevConnected                        0x08004c07   Thumb Code    22  usbd_core.o(.text)
    USBD_DevDisconnected                     0x08004c1d   Thumb Code    32  usbd_core.o(.text)
    .text                                    0x08004c40   Section        0  usbd_ioreq.o(.text)
    .text                                    0x08004cf8   Section        0  usbd_req.o(.text)
    USBD_ClrFeature                          0x08004d17   Thumb Code    58  usbd_req.o(.text)
    USBD_SetFeature                          0x08004d51   Thumb Code   140  usbd_req.o(.text)
    USBD_GetStatus                           0x08004ddd   Thumb Code    40  usbd_req.o(.text)
    USBD_GetConfig                           0x08004e05   Thumb Code    42  usbd_req.o(.text)
    USBD_SetConfig                           0x08004e2f   Thumb Code   162  usbd_req.o(.text)
    USBD_SetAddress                          0x08004ed1   Thumb Code    80  usbd_req.o(.text)
    USBD_GetDescriptor                       0x08004f21   Thumb Code   266  usbd_req.o(.text)
    USBD_GetLen                              0x08005221   Thumb Code    20  usbd_req.o(.text)
    .text                                    0x08005274   Section        0  usbd_cdc_core.o(.text)
    usbd_cdc_Init                            0x08005275   Thumb Code    72  usbd_cdc_core.o(.text)
    usbd_cdc_DeInit                          0x080052bd   Thumb Code    38  usbd_cdc_core.o(.text)
    usbd_cdc_Setup                           0x080052e3   Thumb Code   190  usbd_cdc_core.o(.text)
    usbd_cdc_EP0_RxReady                     0x080053a1   Thumb Code    32  usbd_cdc_core.o(.text)
    usbd_cdc_DataIn                          0x080053c1   Thumb Code    70  usbd_cdc_core.o(.text)
    usbd_cdc_DataOut                         0x08005407   Thumb Code    42  usbd_cdc_core.o(.text)
    Handle_USBAsynchXfer                     0x08005431   Thumb Code   102  usbd_cdc_core.o(.text)
    usbd_cdc_SOF                             0x08005497   Thumb Code    28  usbd_cdc_core.o(.text)
    USBD_cdc_GetCfgDesc                      0x080054b3   Thumb Code    10  usbd_cdc_core.o(.text)
    .text                                    0x080054cc   Section        0  memcpya.o(.text)
    .text                                    0x080054f0   Section        0  memseta.o(.text)
    .text                                    0x08005514   Section        0  strncpy.o(.text)
    .text                                    0x0800552c   Section        0  strlen.o(.text)
    .text                                    0x0800553a   Section        0  strncat.o(.text)
    .text                                    0x08005562   Section        0  strcpy.o(.text)
    .text                                    0x08005574   Section       36  init.o(.text)
    .text                                    0x08005598   Section        0  __dczerorl2.o(.text)
    i.__scatterload_copy                     0x080055ee   Section       14  handlers.o(i.__scatterload_copy)
    i.__scatterload_null                     0x080055fc   Section        2  handlers.o(i.__scatterload_null)
    i.__scatterload_zeroinit                 0x080055fe   Section       14  handlers.o(i.__scatterload_zeroinit)
    .constdata                               0x0800560c   Section      256  communication.o(.constdata)
    mavlink_message_crcs                     0x0800560c   Data         256  communication.o(.constdata)
    .constdata                               0x0800570c   Section       20  led.o(.constdata)
    .data                                    0x20000000   Section        4  communication.o(.data)
    m_parameter_i                            0x20000000   Data           4  communication.o(.data)
    .data                                    0x20000004   Section        6  debug.o(.data)
    m_debug_index_write                      0x20000004   Data           1  debug.o(.data)
    m_debug_index_read                       0x20000005   Data           1  debug.o(.data)
    m_debug_was_full                         0x20000006   Data           1  debug.o(.data)
    m_debug_count                            0x20000008   Data           2  debug.o(.data)
    .data                                    0x2000000c   Section       32  gyro.o(.data)
    sensor_range                             0x2000001c   Data           4  gyro.o(.data)
    scaling_factors                          0x20000020   Data          12  gyro.o(.data)
    .data                                    0x2000002c   Section       48  i2c.o(.data)
    offset                                   0x2000002c   Data           1  i2c.o(.data)
    txDataIndex1                             0x20000035   Data           1  i2c.o(.data)
    txDataIndex2                             0x20000036   Data           1  i2c.o(.data)
    rxDataIndex                              0x20000037   Data           1  i2c.o(.data)
    frame_count                              0x20000038   Data           2  i2c.o(.data)
    accumulated_framecount                   0x2000003a   Data           2  i2c.o(.data)
    accumulated_quality                      0x2000003c   Data           2  i2c.o(.data)
    accumulated_flow_x                       0x20000040   Data           4  i2c.o(.data)
    accumulated_flow_y                       0x20000044   Data           4  i2c.o(.data)
    accumulated_gyro_x                       0x20000048   Data           4  i2c.o(.data)
    accumulated_gyro_y                       0x2000004c   Data           4  i2c.o(.data)
    accumulated_gyro_z                       0x20000050   Data           4  i2c.o(.data)
    integration_timespan                     0x20000054   Data           4  i2c.o(.data)
    lasttime                                 0x20000058   Data           4  i2c.o(.data)
    .data                                    0x2000005c   Section       12  led.o(.data)
    .data                                    0x20000068   Section       40  main.o(.data)
    timer_ms                                 0x20000074   Data           4  main.o(.data)
    .data                                    0x20000090   Section     8224  usart.o(.data)
    .data                                    0x200020b0   Section       16  usbd_cdc_vcp.o(.data)
    .data                                    0x200020c0   Section       20  usbd_cdc_vcp.o(.data)
    .data                                    0x200020d4   Section       28  usbd_desc.o(.data)
    .data                                    0x200020f0   Section       22  usbd_desc.o(.data)
    .data                                    0x20002108   Section       28  usbd_usr.o(.data)
    .data                                    0x20002124   Section       20  system_stm32f4xx.o(.data)
    .data                                    0x20002138   Section       16  stm32f4xx_rcc.o(.data)
    APBAHBPrescTable                         0x20002138   Data          16  stm32f4xx_rcc.o(.data)
    .data                                    0x20002148   Section       44  usbd_core.o(.data)
    .data                                    0x20002174   Section        4  usbd_core.o(.data)
    .data                                    0x20002178   Section        4  usbd_core.o(.data)
    .data                                    0x2000217c   Section       16  usbd_req.o(.data)
    cfgidx                                   0x2000217c   Data           1  usbd_req.o(.data)
    .data                                    0x2000218c   Section      107  usbd_cdc_core.o(.data)
    usbd_cdc_AltSet                          0x20002190   Data           4  usbd_cdc_core.o(.data)
    cdcCmd                                   0x200021a0   Data           4  usbd_cdc_core.o(.data)
    cdcLen                                   0x200021a4   Data           4  usbd_cdc_core.o(.data)
    FrameCount                               0x200021a8   Data           4  usbd_cdc_core.o(.data)
    .data                                    0x200021f8   Section       44  usbd_cdc_core.o(.data)
    .bss                                     0x20002224   Section     1145  communication.o(.bss)
    m_mavlink_status                         0x20002224   Data          48  communication.o(.bss)
    m_mavlink_buffer                         0x20002254   Data        1088  communication.o(.bss)
    .bss                                     0x200026a0   Section      208  debug.o(.bss)
    m_debug_buf_type                         0x200026a0   Data          16  debug.o(.bss)
    m_debug_buf_pointer                      0x200026b0   Data          64  debug.o(.bss)
    m_debug_buf_int                          0x200026f0   Data          64  debug.o(.bss)
    m_debug_buf_float                        0x20002730   Data          64  debug.o(.bss)
    .bss                                     0x20002770   Section      100  i2c.o(.bss)
    .bss                                     0x200027d4   Section     1560  main.o(.bss)
    timer                                    0x20002dc8   Data          36  main.o(.bss)
    .bss                                     0x20002dec   Section      360  settings.o(.bss)
    .bss                                     0x20002f54   Section     8192  usart.o(.bss)
    .bss                                     0x20004f54   Section      128  usbd_cdc_vcp.o(.bss)
    .bss                                     0x20004fd4   Section       15  utils.o(.bss)
    outbuf                                   0x20004fd4   Data          15  utils.o(.bss)
    .bss                                     0x20004fe3   Section      255  usbd_req.o(.bss)
    .bss                                     0x200050e2   Section    32832  usbd_cdc_core.o(.bss)
    STACK                                    0x2000d128   Section     1024  startup_stm32f4xx.o(STACK)

    Global Symbols

    Symbol Name                              Value     Ov Type        Size  Object(Section)

    BuildAttributes$$THM_ISAv4$E$P$D$K$B$S$7EM$VFPi3$EXTD16$VFPS$VFMA$PE$A:L22UL41UL21$X:L11$S22US41US21$IEEE1$IW$USESV6$~STKCKD$USESV7$~SHL$OSPACE$EBA8$MICROLIB$REQ8$PRES8$EABIv2 0x00000000   Number         0  anon$$obj.o ABSOLUTE
    __ARM_use_no_argv                        0x00000000   Number         0  main.o ABSOLUTE
    __cpp_initialize__aeabi_                  - Undefined Weak Reference
    __cxa_finalize                            - Undefined Weak Reference
    _clock_init                               - Undefined Weak Reference
    _microlib_exit                            - Undefined Weak Reference
    __Vectors_Size                           0x00000188   Number         0  startup_stm32f4xx.o ABSOLUTE
    __Vectors                                0x08000000   Data           4  startup_stm32f4xx.o(RESET)
    __Vectors_End                            0x08000188   Data           0  startup_stm32f4xx.o(RESET)
    __main                                   0x08000189   Thumb Code     0  entry.o(.ARM.Collect$$$$00000000)
    _main_stk                                0x08000189   Thumb Code     0  entry2.o(.ARM.Collect$$$$00000001)
    _main_scatterload                        0x0800018d   Thumb Code     0  entry5.o(.ARM.Collect$$$$00000004)
    __main_after_scatterload                 0x08000191   Thumb Code     0  entry5.o(.ARM.Collect$$$$00000004)
    _main_clock                              0x08000191   Thumb Code     0  entry7b.o(.ARM.Collect$$$$00000008)
    _main_cpp_init                           0x08000191   Thumb Code     0  entry8b.o(.ARM.Collect$$$$0000000A)
    _main_init                               0x08000191   Thumb Code     0  entry9a.o(.ARM.Collect$$$$0000000B)
    __rt_final_cpp                           0x08000199   Thumb Code     0  entry10a.o(.ARM.Collect$$$$0000000D)
    __rt_final_exit                          0x08000199   Thumb Code     0  entry11a.o(.ARM.Collect$$$$0000000F)
    mavlink_send_uart_bytes                  0x0800019d   Thumb Code    54  communication.o(.text)
    mavlink_get_channel_status               0x080001d3   Thumb Code    12  communication.o(.text)
    mavlink_get_channel_buffer               0x08000295   Thumb Code    14  communication.o(.text)
    communication_init                       0x0800045d   Thumb Code    34  communication.o(.text)
    communication_system_state_send          0x0800047f   Thumb Code    88  communication.o(.text)
    communication_parameter_send             0x080004d7   Thumb Code    82  communication.o(.text)
    handle_mavlink_message                   0x08000529   Thumb Code   694  communication.o(.text)
    communication_receive                    0x080007df   Thumb Code    52  communication.o(.text)
    communication_receive_forward            0x08000813   Thumb Code    50  communication.o(.text)
    communication_receive_usb                0x08000845   Thumb Code    52  communication.o(.text)
    debug_string_message_buffer              0x080009a1   Thumb Code    28  debug.o(.text)
    debug_int_message_buffer                 0x080009bd   Thumb Code    38  debug.o(.text)
    debug_float_message_buffer               0x080009e3   Thumb Code    52  debug.o(.text)
    debug_message_send_one                   0x08000a17   Thumb Code   242  debug.o(.text)
    l3gd20_SendHalfWord                      0x08000bf1   Thumb Code    72  gyro.o(.text)
    l3gd20_config                            0x08000c39   Thumb Code   134  gyro.o(.text)
    spi_config                               0x08000cbf   Thumb Code   220  gyro.o(.text)
    gyro_config                              0x08000d9b   Thumb Code    12  gyro.o(.text)
    gyro_read                                0x08000da7   Thumb Code   274  gyro.o(.text)
    l3gd20_SendByte                          0x08000eb9   Thumb Code    58  gyro.o(.text)
    l3gd20_ReadByte                          0x08000ef3   Thumb Code     4  gyro.o(.text)
    l3gd20_WriteEnable                       0x08000ef7   Thumb Code    34  gyro.o(.text)
    l3gd20_WaitForWriteEnd                   0x08000f19   Thumb Code    44  gyro.o(.text)
    getGyroRange                             0x08000f45   Thumb Code     6  gyro.o(.text)
    getGyroScalingFactor                     0x08000f4b   Thumb Code    26  gyro.o(.text)
    readI2CAddressOffset                     0x08000f99   Thumb Code    58  i2c.o(.text)
    i2c_get_ownaddress1                      0x08000fd3   Thumb Code    14  i2c.o(.text)
    i2c_init                                 0x08000fe1   Thumb Code   284  i2c.o(.text)
    I2C1_EV_IRQHandler                       0x080010fd   Thumb Code   226  i2c.o(.text)
    I2C1_ER_IRQHandler                       0x080011df   Thumb Code    26  i2c.o(.text)
    update_TX_buffer                         0x080011f9   Thumb Code   684  i2c.o(.text)
    LEDInit                                  0x080014a9   Thumb Code    62  led.o(.text)
    LEDOn                                    0x080014e7   Thumb Code    18  led.o(.text)
    LEDOff                                   0x080014f9   Thumb Code    18  led.o(.text)
    LEDToggle                                0x0800150b   Thumb Code    18  led.o(.text)
    timer_update_ms                          0x08001525   Thumb Code    94  main.o(.text)
    timer_update                             0x08001583   Thumb Code    32  main.o(.text)
    get_boot_time_ms                         0x080015a3   Thumb Code     6  main.o(.text)
    get_boot_time_us                         0x080015a9   Thumb Code    12  main.o(.text)
    delay                                    0x080015b5   Thumb Code    12  main.o(.text)
    main                                     0x080015c1   Thumb Code   210  main.o(.text)
    modifyreg32                              0x080016b9   Thumb Code    10  reset.o(.text)
    stm32_pwr_enablebkp                      0x080016c3   Thumb Code    10  reset.o(.text)
    up_systemreset                           0x080016cd   Thumb Code    20  reset.o(.text)
    systemreset                              0x080016e1   Thumb Code    18  reset.o(.text)
    global_data_reset_param_defaults         0x08001709   Thumb Code   344  settings.o(.text)
    global_data_reset                        0x08001861   Thumb Code     2  settings.o(.text)
    set_sensor_position_settings             0x08001863   Thumb Code    20  settings.o(.text)
    usart2_tx_ringbuffer_push                0x080019c9   Thumb Code   128  usart.o(.text)
    usart3_tx_ringbuffer_push                0x08001a49   Thumb Code   126  usart.o(.text)
    usart2_char_available                    0x08001ac7   Thumb Code    18  usart.o(.text)
    usart3_char_available                    0x08001ad9   Thumb Code    18  usart.o(.text)
    usart2_rx_ringbuffer_pop                 0x08001aeb   Thumb Code    56  usart.o(.text)
    usart3_rx_ringbuffer_pop                 0x08001b23   Thumb Code    56  usart.o(.text)
    usart2_rx_ringbuffer_push_from_usart     0x08001b5b   Thumb Code    46  usart.o(.text)
    usart3_rx_ringbuffer_push_from_usart     0x08001b89   Thumb Code    46  usart.o(.text)
    usart2_tx_ringbuffer_pop_to_usart        0x08001bb7   Thumb Code    50  usart.o(.text)
    usart3_tx_ringbuffer_pop_to_usart        0x08001be9   Thumb Code    50  usart.o(.text)
    USART2_IRQHandler                        0x08001c1b   Thumb Code    80  usart.o(.text)
    USART3_IRQHandler                        0x08001c6b   Thumb Code    80  usart.o(.text)
    usart_init                               0x08001cbb   Thumb Code   344  usart.o(.text)
    USB_OTG_BSP_Init                         0x08001e15   Thumb Code   142  usb_bsp.o(.text)
    USB_OTG_BSP_EnableInterrupt              0x08001ea3   Thumb Code    40  usb_bsp.o(.text)
    USB_OTG_BSP_uDelay                       0x08001ecb   Thumb Code    22  usb_bsp.o(.text)
    USB_OTG_BSP_mDelay                       0x08001ee1   Thumb Code     8  usb_bsp.o(.text)
    VCP_put_char                             0x08001f57   Thumb Code    12  usbd_cdc_vcp.o(.text)
    VCP_send_str                             0x08001f63   Thumb Code    14  usbd_cdc_vcp.o(.text)
    VCP_get_char                             0x08001fa5   Thumb Code    40  usbd_cdc_vcp.o(.text)
    VCP_get_string                           0x08001fcd   Thumb Code   126  usbd_cdc_vcp.o(.text)
    USBD_USR_DeviceDescriptor                0x0800205d   Thumb Code     8  usbd_desc.o(.text)
    USBD_USR_LangIDStrDescriptor             0x08002065   Thumb Code    10  usbd_desc.o(.text)
    USBD_USR_ProductStrDescriptor            0x0800206f   Thumb Code    32  usbd_desc.o(.text)
    USBD_USR_ManufacturerStrDescriptor       0x0800208f   Thumb Code    16  usbd_desc.o(.text)
    USBD_USR_SerialStrDescriptor             0x0800209f   Thumb Code    32  usbd_desc.o(.text)
    USBD_USR_ConfigStrDescriptor             0x080020bf   Thumb Code    32  usbd_desc.o(.text)
    USBD_USR_InterfaceStrDescriptor          0x080020df   Thumb Code    32  usbd_desc.o(.text)
    USBD_USR_Init                            0x08002151   Thumb Code     2  usbd_usr.o(.text)
    USBD_USR_DeviceReset                     0x08002153   Thumb Code     2  usbd_usr.o(.text)
    USBD_USR_DeviceConfigured                0x08002155   Thumb Code     2  usbd_usr.o(.text)
    USBD_USR_DeviceSuspended                 0x08002157   Thumb Code     2  usbd_usr.o(.text)
    USBD_USR_DeviceResumed                   0x08002159   Thumb Code     2  usbd_usr.o(.text)
    USBD_USR_DeviceConnected                 0x0800215b   Thumb Code     2  usbd_usr.o(.text)
    USBD_USR_DeviceDisconnected              0x0800215d   Thumb Code     2  usbd_usr.o(.text)
    ltoa                                     0x08002161   Thumb Code    78  utils.o(.text)
    ftoa                                     0x080021af   Thumb Code   258  utils.o(.text)
    itoa                                     0x080022b1   Thumb Code    74  utils.o(.text)
    NMI_Handler                              0x0800230d   Thumb Code     2  stm32f4xx_it.o(.text)
    HardFault_Handler                        0x0800230f   Thumb Code     2  stm32f4xx_it.o(.text)
    MemManage_Handler                        0x08002311   Thumb Code     2  stm32f4xx_it.o(.text)
    BusFault_Handler                         0x08002313   Thumb Code     2  stm32f4xx_it.o(.text)
    UsageFault_Handler                       0x08002315   Thumb Code     2  stm32f4xx_it.o(.text)
    SVC_Handler                              0x08002317   Thumb Code     2  stm32f4xx_it.o(.text)
    DebugMon_Handler                         0x08002319   Thumb Code     2  stm32f4xx_it.o(.text)
    PendSV_Handler                           0x0800231b   Thumb Code     2  stm32f4xx_it.o(.text)
    SysTick_Handler                          0x0800231d   Thumb Code     4  stm32f4xx_it.o(.text)
    OTG_FS_IRQHandler                        0x08002321   Thumb Code     6  stm32f4xx_it.o(.text)
    SystemInit                               0x080023d5   Thumb Code    72  system_stm32f4xx.o(.text)
    SystemCoreClockUpdate                    0x0800241d   Thumb Code   122  system_stm32f4xx.o(.text)
    Reset_Handler                            0x080024c5   Thumb Code     8  startup_stm32f4xx.o(.text)
    ADC_IRQHandler                           0x080024df   Thumb Code     0  startup_stm32f4xx.o(.text)
    CAN1_RX0_IRQHandler                      0x080024df   Thumb Code     0  startup_stm32f4xx.o(.text)
    CAN1_RX1_IRQHandler                      0x080024df   Thumb Code     0  startup_stm32f4xx.o(.text)
    CAN1_SCE_IRQHandler                      0x080024df   Thumb Code     0  startup_stm32f4xx.o(.text)
    CAN1_TX_IRQHandler                       0x080024df   Thumb Code     0  startup_stm32f4xx.o(.text)
    CAN2_RX0_IRQHandler                      0x080024df   Thumb Code     0  startup_stm32f4xx.o(.text)
    CAN2_RX1_IRQHandler                      0x080024df   Thumb Code     0  startup_stm32f4xx.o(.text)
    CAN2_SCE_IRQHandler                      0x080024df   Thumb Code     0  startup_stm32f4xx.o(.text)
    CAN2_TX_IRQHandler                       0x080024df   Thumb Code     0  startup_stm32f4xx.o(.text)
    CRYP_IRQHandler                          0x080024df   Thumb Code     0  startup_stm32f4xx.o(.text)
    DCMI_IRQHandler                          0x080024df   Thumb Code     0  startup_stm32f4xx.o(.text)
    DMA1_Stream0_IRQHandler                  0x080024df   Thumb Code     0  startup_stm32f4xx.o(.text)
    DMA1_Stream1_IRQHandler                  0x080024df   Thumb Code     0  startup_stm32f4xx.o(.text)
    DMA1_Stream2_IRQHandler                  0x080024df   Thumb Code     0  startup_stm32f4xx.o(.text)
    DMA1_Stream3_IRQHandler                  0x080024df   Thumb Code     0  startup_stm32f4xx.o(.text)
    DMA1_Stream4_IRQHandler                  0x080024df   Thumb Code     0  startup_stm32f4xx.o(.text)
    DMA1_Stream5_IRQHandler                  0x080024df   Thumb Code     0  startup_stm32f4xx.o(.text)
    DMA1_Stream6_IRQHandler                  0x080024df   Thumb Code     0  startup_stm32f4xx.o(.text)
    DMA1_Stream7_IRQHandler                  0x080024df   Thumb Code     0  startup_stm32f4xx.o(.text)
    DMA2_Stream0_IRQHandler                  0x080024df   Thumb Code     0  startup_stm32f4xx.o(.text)
    DMA2_Stream1_IRQHandler                  0x080024df   Thumb Code     0  startup_stm32f4xx.o(.text)
    DMA2_Stream2_IRQHandler                  0x080024df   Thumb Code     0  startup_stm32f4xx.o(.text)
    DMA2_Stream3_IRQHandler                  0x080024df   Thumb Code     0  startup_stm32f4xx.o(.text)
    DMA2_Stream4_IRQHandler                  0x080024df   Thumb Code     0  startup_stm32f4xx.o(.text)
    DMA2_Stream5_IRQHandler                  0x080024df   Thumb Code     0  startup_stm32f4xx.o(.text)
    DMA2_Stream6_IRQHandler                  0x080024df   Thumb Code     0  startup_stm32f4xx.o(.text)
    DMA2_Stream7_IRQHandler                  0x080024df   Thumb Code     0  startup_stm32f4xx.o(.text)
    ETH_IRQHandler                           0x080024df   Thumb Code     0  startup_stm32f4xx.o(.text)
    ETH_WKUP_IRQHandler                      0x080024df   Thumb Code     0  startup_stm32f4xx.o(.text)
    EXTI0_IRQHandler                         0x080024df   Thumb Code     0  startup_stm32f4xx.o(.text)
    EXTI15_10_IRQHandler                     0x080024df   Thumb Code     0  startup_stm32f4xx.o(.text)
    EXTI1_IRQHandler                         0x080024df   Thumb Code     0  startup_stm32f4xx.o(.text)
    EXTI2_IRQHandler                         0x080024df   Thumb Code     0  startup_stm32f4xx.o(.text)
    EXTI3_IRQHandler                         0x080024df   Thumb Code     0  startup_stm32f4xx.o(.text)
    EXTI4_IRQHandler                         0x080024df   Thumb Code     0  startup_stm32f4xx.o(.text)
    EXTI9_5_IRQHandler                       0x080024df   Thumb Code     0  startup_stm32f4xx.o(.text)
    FLASH_IRQHandler                         0x080024df   Thumb Code     0  startup_stm32f4xx.o(.text)
    FPU_IRQHandler                           0x080024df   Thumb Code     0  startup_stm32f4xx.o(.text)
    FSMC_IRQHandler                          0x080024df   Thumb Code     0  startup_stm32f4xx.o(.text)
    HASH_RNG_IRQHandler                      0x080024df   Thumb Code     0  startup_stm32f4xx.o(.text)
    I2C2_ER_IRQHandler                       0x080024df   Thumb Code     0  startup_stm32f4xx.o(.text)
    I2C2_EV_IRQHandler                       0x080024df   Thumb Code     0  startup_stm32f4xx.o(.text)
    I2C3_ER_IRQHandler                       0x080024df   Thumb Code     0  startup_stm32f4xx.o(.text)
    I2C3_EV_IRQHandler                       0x080024df   Thumb Code     0  startup_stm32f4xx.o(.text)
    OTG_FS_WKUP_IRQHandler                   0x080024df   Thumb Code     0  startup_stm32f4xx.o(.text)
    OTG_HS_EP1_IN_IRQHandler                 0x080024df   Thumb Code     0  startup_stm32f4xx.o(.text)
    OTG_HS_EP1_OUT_IRQHandler                0x080024df   Thumb Code     0  startup_stm32f4xx.o(.text)
    OTG_HS_IRQHandler                        0x080024df   Thumb Code     0  startup_stm32f4xx.o(.text)
    OTG_HS_WKUP_IRQHandler                   0x080024df   Thumb Code     0  startup_stm32f4xx.o(.text)
    PVD_IRQHandler                           0x080024df   Thumb Code     0  startup_stm32f4xx.o(.text)
    RCC_IRQHandler                           0x080024df   Thumb Code     0  startup_stm32f4xx.o(.text)
    RTC_Alarm_IRQHandler                     0x080024df   Thumb Code     0  startup_stm32f4xx.o(.text)
    RTC_WKUP_IRQHandler                      0x080024df   Thumb Code     0  startup_stm32f4xx.o(.text)
    SDIO_IRQHandler                          0x080024df   Thumb Code     0  startup_stm32f4xx.o(.text)
    SPI1_IRQHandler                          0x080024df   Thumb Code     0  startup_stm32f4xx.o(.text)
    SPI2_IRQHandler                          0x080024df   Thumb Code     0  startup_stm32f4xx.o(.text)
    SPI3_IRQHandler                          0x080024df   Thumb Code     0  startup_stm32f4xx.o(.text)
    TAMP_STAMP_IRQHandler                    0x080024df   Thumb Code     0  startup_stm32f4xx.o(.text)
    TIM1_BRK_TIM9_IRQHandler                 0x080024df   Thumb Code     0  startup_stm32f4xx.o(.text)
    TIM1_CC_IRQHandler                       0x080024df   Thumb Code     0  startup_stm32f4xx.o(.text)
    TIM1_TRG_COM_TIM11_IRQHandler            0x080024df   Thumb Code     0  startup_stm32f4xx.o(.text)
    TIM1_UP_TIM10_IRQHandler                 0x080024df   Thumb Code     0  startup_stm32f4xx.o(.text)
    TIM2_IRQHandler                          0x080024df   Thumb Code     0  startup_stm32f4xx.o(.text)
    TIM3_IRQHandler                          0x080024df   Thumb Code     0  startup_stm32f4xx.o(.text)
    TIM4_IRQHandler                          0x080024df   Thumb Code     0  startup_stm32f4xx.o(.text)
    TIM5_IRQHandler                          0x080024df   Thumb Code     0  startup_stm32f4xx.o(.text)
    TIM6_DAC_IRQHandler                      0x080024df   Thumb Code     0  startup_stm32f4xx.o(.text)
    TIM7_IRQHandler                          0x080024df   Thumb Code     0  startup_stm32f4xx.o(.text)
    TIM8_BRK_TIM12_IRQHandler                0x080024df   Thumb Code     0  startup_stm32f4xx.o(.text)
    TIM8_CC_IRQHandler                       0x080024df   Thumb Code     0  startup_stm32f4xx.o(.text)
    TIM8_TRG_COM_TIM14_IRQHandler            0x080024df   Thumb Code     0  startup_stm32f4xx.o(.text)
    TIM8_UP_TIM13_IRQHandler                 0x080024df   Thumb Code     0  startup_stm32f4xx.o(.text)
    UART4_IRQHandler                         0x080024df   Thumb Code     0  startup_stm32f4xx.o(.text)
    UART5_IRQHandler                         0x080024df   Thumb Code     0  startup_stm32f4xx.o(.text)
    USART1_IRQHandler                        0x080024df   Thumb Code     0  startup_stm32f4xx.o(.text)
    USART6_IRQHandler                        0x080024df   Thumb Code     0  startup_stm32f4xx.o(.text)
    WWDG_IRQHandler                          0x080024df   Thumb Code     0  startup_stm32f4xx.o(.text)
    NVIC_PriorityGroupConfig                 0x080024e9   Thumb Code    10  misc.o(.text)
    NVIC_Init                                0x080024f3   Thumb Code    98  misc.o(.text)
    NVIC_SetVectorTable                      0x08002555   Thumb Code    14  misc.o(.text)
    NVIC_SystemLPConfig                      0x08002563   Thumb Code    24  misc.o(.text)
    SysTick_CLKSourceConfig                  0x0800257b   Thumb Code    28  misc.o(.text)
    GPIO_DeInit                              0x080025a5   Thumb Code   240  stm32f4xx_gpio.o(.text)
    GPIO_Init                                0x08002695   Thumb Code   124  stm32f4xx_gpio.o(.text)
    GPIO_StructInit                          0x08002711   Thumb Code    18  stm32f4xx_gpio.o(.text)
    GPIO_PinLockConfig                       0x08002723   Thumb Code    26  stm32f4xx_gpio.o(.text)
    GPIO_ReadInputDataBit                    0x0800273d   Thumb Code    14  stm32f4xx_gpio.o(.text)
    GPIO_ReadInputData                       0x0800274b   Thumb Code     6  stm32f4xx_gpio.o(.text)
    GPIO_ReadOutputDataBit                   0x08002751   Thumb Code    14  stm32f4xx_gpio.o(.text)
    GPIO_ReadOutputData                      0x0800275f   Thumb Code     6  stm32f4xx_gpio.o(.text)
    GPIO_SetBits                             0x08002765   Thumb Code     4  stm32f4xx_gpio.o(.text)
    GPIO_ResetBits                           0x08002769   Thumb Code     4  stm32f4xx_gpio.o(.text)
    GPIO_WriteBit                            0x0800276d   Thumb Code    12  stm32f4xx_gpio.o(.text)
    GPIO_Write                               0x08002779   Thumb Code     4  stm32f4xx_gpio.o(.text)
    GPIO_ToggleBits                          0x0800277d   Thumb Code     8  stm32f4xx_gpio.o(.text)
    GPIO_PinAFConfig                         0x08002785   Thumb Code    32  stm32f4xx_gpio.o(.text)
    I2C_DeInit                               0x080027c9   Thumb Code    88  stm32f4xx_i2c.o(.text)
    I2C_Init                                 0x08002821   Thumb Code   178  stm32f4xx_i2c.o(.text)
    I2C_StructInit                           0x080028d3   Thumb Code    28  stm32f4xx_i2c.o(.text)
    I2C_Cmd                                  0x080028ef   Thumb Code    24  stm32f4xx_i2c.o(.text)
    I2C_GenerateSTART                        0x08002907   Thumb Code    24  stm32f4xx_i2c.o(.text)
    I2C_GenerateSTOP                         0x0800291f   Thumb Code    24  stm32f4xx_i2c.o(.text)
    I2C_Send7bitAddress                      0x08002937   Thumb Code    18  stm32f4xx_i2c.o(.text)
    I2C_AcknowledgeConfig                    0x08002949   Thumb Code    24  stm32f4xx_i2c.o(.text)
    I2C_OwnAddress2Config                    0x08002961   Thumb Code    16  stm32f4xx_i2c.o(.text)
    I2C_DualAddressCmd                       0x08002971   Thumb Code    24  stm32f4xx_i2c.o(.text)
    I2C_GeneralCallCmd                       0x08002989   Thumb Code    24  stm32f4xx_i2c.o(.text)
    I2C_SoftwareResetCmd                     0x080029a1   Thumb Code    24  stm32f4xx_i2c.o(.text)
    I2C_StretchClockCmd                      0x080029b9   Thumb Code    24  stm32f4xx_i2c.o(.text)
    I2C_FastModeDutyCycleConfig              0x080029d1   Thumb Code    26  stm32f4xx_i2c.o(.text)
    I2C_NACKPositionConfig                   0x080029eb   Thumb Code    26  stm32f4xx_i2c.o(.text)
    I2C_SMBusAlertConfig                     0x08002a05   Thumb Code    26  stm32f4xx_i2c.o(.text)
    I2C_ARPCmd                               0x08002a1f   Thumb Code    24  stm32f4xx_i2c.o(.text)
    I2C_SendData                             0x08002a37   Thumb Code     4  stm32f4xx_i2c.o(.text)
    I2C_ReceiveData                          0x08002a3b   Thumb Code     6  stm32f4xx_i2c.o(.text)
    I2C_TransmitPEC                          0x08002a41   Thumb Code    24  stm32f4xx_i2c.o(.text)
    I2C_PECPositionConfig                    0x08002a59   Thumb Code    26  stm32f4xx_i2c.o(.text)
    I2C_CalculatePEC                         0x08002a73   Thumb Code    24  stm32f4xx_i2c.o(.text)
    I2C_GetPEC                               0x08002a8b   Thumb Code     6  stm32f4xx_i2c.o(.text)
    I2C_DMACmd                               0x08002a91   Thumb Code    24  stm32f4xx_i2c.o(.text)
    I2C_DMALastTransferCmd                   0x08002aa9   Thumb Code    24  stm32f4xx_i2c.o(.text)
    I2C_ReadRegister                         0x08002ac1   Thumb Code    16  stm32f4xx_i2c.o(.text)
    I2C_ITConfig                             0x08002ad1   Thumb Code    20  stm32f4xx_i2c.o(.text)
    I2C_CheckEvent                           0x08002ae5   Thumb Code    24  stm32f4xx_i2c.o(.text)
    I2C_GetLastEvent                         0x08002afd   Thumb Code    14  stm32f4xx_i2c.o(.text)
    I2C_GetFlagStatus                        0x08002b0b   Thumb Code    50  stm32f4xx_i2c.o(.text)
    I2C_ClearFlag                            0x08002b3d   Thumb Code     6  stm32f4xx_i2c.o(.text)
    I2C_GetITStatus                          0x08002b43   Thumb Code    34  stm32f4xx_i2c.o(.text)
    I2C_ClearITPendingBit                    0x08002b65   Thumb Code     6  stm32f4xx_i2c.o(.text)
    RCC_DeInit                               0x08002b81   Thumb Code    48  stm32f4xx_rcc.o(.text)
    RCC_HSEConfig                            0x08002bb1   Thumb Code    12  stm32f4xx_rcc.o(.text)
    RCC_GetFlagStatus                        0x08002bbd   Thumb Code    50  stm32f4xx_rcc.o(.text)
    RCC_WaitForHSEStartUp                    0x08002bef   Thumb Code    48  stm32f4xx_rcc.o(.text)
    RCC_AdjustHSICalibrationValue            0x08002c1f   Thumb Code    16  stm32f4xx_rcc.o(.text)
    RCC_HSICmd                               0x08002c2f   Thumb Code     6  stm32f4xx_rcc.o(.text)
    RCC_LSEConfig                            0x08002c35   Thumb Code    30  stm32f4xx_rcc.o(.text)
    RCC_LSICmd                               0x08002c53   Thumb Code     6  stm32f4xx_rcc.o(.text)
    RCC_PLLConfig                            0x08002c59   Thumb Code    34  stm32f4xx_rcc.o(.text)
    RCC_PLLCmd                               0x08002c7b   Thumb Code     6  stm32f4xx_rcc.o(.text)
    RCC_PLLI2SConfig                         0x08002c81   Thumb Code    14  stm32f4xx_rcc.o(.text)
    RCC_PLLI2SCmd                            0x08002c8f   Thumb Code     6  stm32f4xx_rcc.o(.text)
    RCC_ClockSecuritySystemCmd               0x08002c95   Thumb Code     6  stm32f4xx_rcc.o(.text)
    RCC_MCO1Config                           0x08002c9b   Thumb Code    18  stm32f4xx_rcc.o(.text)
    RCC_MCO2Config                           0x08002cad   Thumb Code    18  stm32f4xx_rcc.o(.text)
    RCC_SYSCLKConfig                         0x08002cbf   Thumb Code    16  stm32f4xx_rcc.o(.text)
    RCC_GetSYSCLKSource                      0x08002ccf   Thumb Code    12  stm32f4xx_rcc.o(.text)
    RCC_HCLKConfig                           0x08002cdb   Thumb Code    16  stm32f4xx_rcc.o(.text)
    RCC_PCLK1Config                          0x08002ceb   Thumb Code    16  stm32f4xx_rcc.o(.text)
    RCC_PCLK2Config                          0x08002cfb   Thumb Code    18  stm32f4xx_rcc.o(.text)
    RCC_GetClocksFreq                        0x08002d0d   Thumb Code   150  stm32f4xx_rcc.o(.text)
    RCC_RTCCLKConfig                         0x08002da3   Thumb Code    42  stm32f4xx_rcc.o(.text)
    RCC_RTCCLKCmd                            0x08002dcd   Thumb Code     8  stm32f4xx_rcc.o(.text)
    RCC_BackupResetCmd                       0x08002dd5   Thumb Code     8  stm32f4xx_rcc.o(.text)
    RCC_I2SCLKConfig                         0x08002ddd   Thumb Code     6  stm32f4xx_rcc.o(.text)
    RCC_AHB1PeriphClockCmd                   0x08002de3   Thumb Code    24  stm32f4xx_rcc.o(.text)
    RCC_AHB2PeriphClockCmd                   0x08002dfb   Thumb Code    24  stm32f4xx_rcc.o(.text)
    RCC_AHB3PeriphClockCmd                   0x08002e13   Thumb Code    24  stm32f4xx_rcc.o(.text)
    RCC_APB1PeriphClockCmd                   0x08002e2b   Thumb Code    24  stm32f4xx_rcc.o(.text)
    RCC_APB2PeriphClockCmd                   0x08002e43   Thumb Code    24  stm32f4xx_rcc.o(.text)
    RCC_AHB1PeriphResetCmd                   0x08002e5b   Thumb Code    24  stm32f4xx_rcc.o(.text)
    RCC_AHB2PeriphResetCmd                   0x08002e73   Thumb Code    24  stm32f4xx_rcc.o(.text)
    RCC_AHB3PeriphResetCmd                   0x08002e8b   Thumb Code    24  stm32f4xx_rcc.o(.text)
    RCC_APB1PeriphResetCmd                   0x08002ea3   Thumb Code    24  stm32f4xx_rcc.o(.text)
    RCC_APB2PeriphResetCmd                   0x08002ebb   Thumb Code    24  stm32f4xx_rcc.o(.text)
    RCC_AHB1PeriphClockLPModeCmd             0x08002ed3   Thumb Code    24  stm32f4xx_rcc.o(.text)
    RCC_AHB2PeriphClockLPModeCmd             0x08002eeb   Thumb Code    24  stm32f4xx_rcc.o(.text)
    RCC_AHB3PeriphClockLPModeCmd             0x08002f03   Thumb Code    24  stm32f4xx_rcc.o(.text)
    RCC_APB1PeriphClockLPModeCmd             0x08002f1b   Thumb Code    24  stm32f4xx_rcc.o(.text)
    RCC_APB2PeriphClockLPModeCmd             0x08002f33   Thumb Code    24  stm32f4xx_rcc.o(.text)
    RCC_ITConfig                             0x08002f4b   Thumb Code    66  stm32f4xx_rcc.o(.text)
    RCC_ClearFlag                            0x08002f8d   Thumb Code    12  stm32f4xx_rcc.o(.text)
    RCC_GetITStatus                          0x08002f99   Thumb Code    18  stm32f4xx_rcc.o(.text)
    RCC_ClearITPendingBit                    0x08002fab   Thumb Code     8  stm32f4xx_rcc.o(.text)
    SPI_I2S_DeInit                           0x08002fb9   Thumb Code    88  stm32f4xx_spi.o(.text)
    SPI_Init                                 0x08003011   Thumb Code    56  stm32f4xx_spi.o(.text)
    I2S_Init                                 0x08003049   Thumb Code   206  stm32f4xx_spi.o(.text)
    SPI_StructInit                           0x08003117   Thumb Code    24  stm32f4xx_spi.o(.text)
    I2S_StructInit                           0x0800312f   Thumb Code    18  stm32f4xx_spi.o(.text)
    SPI_Cmd                                  0x08003141   Thumb Code    24  stm32f4xx_spi.o(.text)
    I2S_Cmd                                  0x08003159   Thumb Code    24  stm32f4xx_spi.o(.text)
    SPI_DataSizeConfig                       0x08003171   Thumb Code    16  stm32f4xx_spi.o(.text)
    SPI_BiDirectionalLineConfig              0x08003181   Thumb Code    26  stm32f4xx_spi.o(.text)
    SPI_NSSInternalSoftwareConfig            0x0800319b   Thumb Code    28  stm32f4xx_spi.o(.text)
    SPI_SSOutputCmd                          0x080031b7   Thumb Code    24  stm32f4xx_spi.o(.text)
    SPI_TIModeCmd                            0x080031cf   Thumb Code    24  stm32f4xx_spi.o(.text)
    I2S_FullDuplexConfig                     0x080031e7   Thumb Code    58  stm32f4xx_spi.o(.text)
    SPI_I2S_ReceiveData                      0x08003221   Thumb Code     4  stm32f4xx_spi.o(.text)
    SPI_I2S_SendData                         0x08003225   Thumb Code     4  stm32f4xx_spi.o(.text)
    SPI_CalculateCRC                         0x08003229   Thumb Code    24  stm32f4xx_spi.o(.text)
    SPI_TransmitCRC                          0x08003241   Thumb Code    10  stm32f4xx_spi.o(.text)
    SPI_GetCRC                               0x0800324b   Thumb Code    12  stm32f4xx_spi.o(.text)
    SPI_GetCRCPolynomial                     0x08003257   Thumb Code     4  stm32f4xx_spi.o(.text)
    SPI_I2S_DMACmd                           0x0800325b   Thumb Code    20  stm32f4xx_spi.o(.text)
    SPI_I2S_ITConfig                         0x0800326f   Thumb Code    28  stm32f4xx_spi.o(.text)
    SPI_I2S_GetFlagStatus                    0x0800328b   Thumb Code    14  stm32f4xx_spi.o(.text)
    SPI_I2S_ClearFlag                        0x08003299   Thumb Code     6  stm32f4xx_spi.o(.text)
    SPI_I2S_GetITStatus                      0x0800329f   Thumb Code    44  stm32f4xx_spi.o(.text)
    SPI_I2S_ClearITPendingBit                0x080032cb   Thumb Code    14  stm32f4xx_spi.o(.text)
    USART_DeInit                             0x080032ed   Thumb Code   168  stm32f4xx_usart.o(.text)
    USART_Init                               0x08003395   Thumb Code   180  stm32f4xx_usart.o(.text)
    USART_StructInit                         0x08003449   Thumb Code    22  stm32f4xx_usart.o(.text)
    USART_ClockInit                          0x0800345f   Thumb Code    28  stm32f4xx_usart.o(.text)
    USART_ClockStructInit                    0x0800347b   Thumb Code    12  stm32f4xx_usart.o(.text)
    USART_Cmd                                0x08003487   Thumb Code    24  stm32f4xx_usart.o(.text)
    USART_SetPrescaler                       0x0800349f   Thumb Code    16  stm32f4xx_usart.o(.text)
    USART_OverSampling8Cmd                   0x080034af   Thumb Code    24  stm32f4xx_usart.o(.text)
    USART_OneBitMethodCmd                    0x080034c7   Thumb Code    24  stm32f4xx_usart.o(.text)
    USART_SendData                           0x080034df   Thumb Code     8  stm32f4xx_usart.o(.text)
    USART_ReceiveData                        0x080034e7   Thumb Code     8  stm32f4xx_usart.o(.text)
    USART_SetAddress                         0x080034ef   Thumb Code    16  stm32f4xx_usart.o(.text)
    USART_ReceiverWakeUpCmd                  0x080034ff   Thumb Code    24  stm32f4xx_usart.o(.text)
    USART_WakeUpConfig                       0x08003517   Thumb Code    16  stm32f4xx_usart.o(.text)
    USART_LINBreakDetectLengthConfig         0x08003527   Thumb Code    16  stm32f4xx_usart.o(.text)
    USART_LINCmd                             0x08003537   Thumb Code    24  stm32f4xx_usart.o(.text)
    USART_SendBreak                          0x0800354f   Thumb Code    10  stm32f4xx_usart.o(.text)
    USART_HalfDuplexCmd                      0x08003559   Thumb Code    24  stm32f4xx_usart.o(.text)
    USART_SetGuardTime                       0x08003571   Thumb Code    16  stm32f4xx_usart.o(.text)
    USART_SmartCardCmd                       0x08003581   Thumb Code    24  stm32f4xx_usart.o(.text)
    USART_SmartCardNACKCmd                   0x08003599   Thumb Code    24  stm32f4xx_usart.o(.text)
    USART_IrDAConfig                         0x080035b1   Thumb Code    16  stm32f4xx_usart.o(.text)
    USART_IrDACmd                            0x080035c1   Thumb Code    24  stm32f4xx_usart.o(.text)
    USART_DMACmd                             0x080035d9   Thumb Code    20  stm32f4xx_usart.o(.text)
    USART_ITConfig                           0x080035ed   Thumb Code    54  stm32f4xx_usart.o(.text)
    USART_GetFlagStatus                      0x08003623   Thumb Code    14  stm32f4xx_usart.o(.text)
    USART_ClearFlag                          0x08003631   Thumb Code     8  stm32f4xx_usart.o(.text)
    USART_GetITStatus                        0x08003639   Thumb Code    64  stm32f4xx_usart.o(.text)
    USART_ClearITPendingBit                  0x08003679   Thumb Code    16  stm32f4xx_usart.o(.text)
    USB_OTG_WritePacket                      0x0800370f   Thumb Code    40  usb_core.o(.text)
    USB_OTG_ReadPacket                       0x08003737   Thumb Code    32  usb_core.o(.text)
    USB_OTG_SelectCore                       0x08003757   Thumb Code   188  usb_core.o(.text)
    USB_OTG_CoreInit                         0x08003813   Thumb Code   164  usb_core.o(.text)
    USB_OTG_EnableGlobalInt                  0x080038b7   Thumb Code    16  usb_core.o(.text)
    USB_OTG_DisableGlobalInt                 0x080038c7   Thumb Code    16  usb_core.o(.text)
    USB_OTG_FlushTxFifo                      0x080038d7   Thumb Code    62  usb_core.o(.text)
    USB_OTG_FlushRxFifo                      0x08003915   Thumb Code    54  usb_core.o(.text)
    USB_OTG_SetCurrentMode                   0x0800394b   Thumb Code    54  usb_core.o(.text)
    USB_OTG_GetMode                          0x08003981   Thumb Code    10  usb_core.o(.text)
    USB_OTG_IsDeviceMode                     0x0800398b   Thumb Code    18  usb_core.o(.text)
    USB_OTG_IsHostMode                       0x0800399d   Thumb Code    14  usb_core.o(.text)
    USB_OTG_ReadCoreItr                      0x080039ab   Thumb Code    10  usb_core.o(.text)
    USB_OTG_ReadOtgItr                       0x080039b5   Thumb Code     6  usb_core.o(.text)
    USB_OTG_InitDevSpeed                     0x080039bb   Thumb Code    12  usb_core.o(.text)
    USB_OTG_EnableDevInt                     0x080039c7   Thumb Code    92  usb_core.o(.text)
    USB_OTG_CoreInitDev                      0x08003a23   Thumb Code   344  usb_core.o(.text)
    USB_OTG_GetDeviceSpeed                   0x08003b7b   Thumb Code    44  usb_core.o(.text)
    USB_OTG_EP0Activate                      0x08003ba7   Thumb Code    74  usb_core.o(.text)
    USB_OTG_EPActivate                       0x08003bf1   Thumb Code    92  usb_core.o(.text)
    USB_OTG_EPDeactivate                     0x08003c4d   Thumb Code    54  usb_core.o(.text)
    USB_OTG_EPStartXfer                      0x08003c83   Thumb Code   348  usb_core.o(.text)
    USB_OTG_EP0StartXfer                     0x08003ddf   Thumb Code   266  usb_core.o(.text)
    USB_OTG_EPSetStall                       0x08003ee9   Thumb Code    64  usb_core.o(.text)
    USB_OTG_EPClearStall                     0x08003f29   Thumb Code    60  usb_core.o(.text)
    USB_OTG_ReadDevAllOutEp_itr              0x08003f65   Thumb Code    12  usb_core.o(.text)
    USB_OTG_ReadDevOutEP_itr                 0x08003f71   Thumb Code    16  usb_core.o(.text)
    USB_OTG_ReadDevAllInEPItr                0x08003f81   Thumb Code    12  usb_core.o(.text)
    USB_OTG_EP0_OutStart                     0x08003f8d   Thumb Code    52  usb_core.o(.text)
    USB_OTG_ActiveRemoteWakeup               0x08003fc1   Thumb Code    78  usb_core.o(.text)
    USB_OTG_UngateClock                      0x0800400f   Thumb Code    40  usb_core.o(.text)
    USB_OTG_StopDevice                       0x08004037   Thumb Code    72  usb_core.o(.text)
    USB_OTG_GetEPStatus                      0x0800407f   Thumb Code    76  usb_core.o(.text)
    USB_OTG_SetEPStatus                      0x080040cb   Thumb Code   172  usb_core.o(.text)
    DCD_Init                                 0x0800417d   Thumb Code   136  usb_dcd.o(.text)
    DCD_EP_Open                              0x08004205   Thumb Code    60  usb_dcd.o(.text)
    DCD_EP_Close                             0x08004241   Thumb Code    44  usb_dcd.o(.text)
    DCD_EP_PrepareRx                         0x0800426d   Thumb Code    56  usb_dcd.o(.text)
    DCD_EP_Tx                                0x080042a5   Thumb Code    52  usb_dcd.o(.text)
    DCD_EP_Stall                             0x080042d9   Thumb Code    56  usb_dcd.o(.text)
    DCD_EP_ClrStall                          0x08004311   Thumb Code    56  usb_dcd.o(.text)
    DCD_EP_Flush                             0x08004349   Thumb Code    24  usb_dcd.o(.text)
    DCD_EP_SetAddress                        0x08004361   Thumb Code    16  usb_dcd.o(.text)
    DCD_DevConnect                           0x08004371   Thumb Code    16  usb_dcd.o(.text)
    DCD_DevDisconnect                        0x08004381   Thumb Code    16  usb_dcd.o(.text)
    DCD_GetEPStatus                          0x08004391   Thumb Code    38  usb_dcd.o(.text)
    DCD_SetEPStatus                          0x080043b7   Thumb Code    38  usb_dcd.o(.text)
    USBD_OTG_ISR_Handler                     0x080048c9   Thumb Code   194  usb_dcd_int.o(.text)
    USBD_DeInit                              0x08004991   Thumb Code     4  usbd_core.o(.text)
    USBD_Init                                0x08004995   Thumb Code    64  usbd_core.o(.text)
    USBD_SetCfg                              0x08004bc3   Thumb Code    26  usbd_core.o(.text)
    USBD_ClrCfg                              0x08004bdd   Thumb Code    14  usbd_core.o(.text)
    USBD_CtlSendData                         0x08004c41   Thumb Code    32  usbd_ioreq.o(.text)
    USBD_CtlContinueSendData                 0x08004c61   Thumb Code    18  usbd_ioreq.o(.text)
    USBD_CtlPrepareRx                        0x08004c73   Thumb Code    32  usbd_ioreq.o(.text)
    USBD_CtlContinueRx                       0x08004c93   Thumb Code    18  usbd_ioreq.o(.text)
    USBD_CtlSendStatus                       0x08004ca5   Thumb Code    34  usbd_ioreq.o(.text)
    USBD_CtlReceiveStatus                    0x08004cc7   Thumb Code    34  usbd_ioreq.o(.text)
    USBD_GetRxCount                          0x08004ce9   Thumb Code    16  usbd_ioreq.o(.text)
    USBD_CtlError                            0x08004cf9   Thumb Code    30  usbd_req.o(.text)
    USBD_StdDevReq                           0x0800502b   Thumb Code    74  usbd_req.o(.text)
    USBD_StdItfReq                           0x08005075   Thumb Code    70  usbd_req.o(.text)
    USBD_StdEPReq                            0x080050bb   Thumb Code   290  usbd_req.o(.text)
    USBD_ParseSetupRequest                   0x080051dd   Thumb Code    68  usbd_req.o(.text)
    USBD_GetString                           0x08005235   Thumb Code    60  usbd_req.o(.text)
    __aeabi_memcpy                           0x080054cd   Thumb Code    36  memcpya.o(.text)
    __aeabi_memcpy4                          0x080054cd   Thumb Code     0  memcpya.o(.text)
    __aeabi_memcpy8                          0x080054cd   Thumb Code     0  memcpya.o(.text)
    __aeabi_memset                           0x080054f1   Thumb Code    14  memseta.o(.text)
    __aeabi_memset4                          0x080054f1   Thumb Code     0  memseta.o(.text)
    __aeabi_memset8                          0x080054f1   Thumb Code     0  memseta.o(.text)
    __aeabi_memclr                           0x080054ff   Thumb Code     4  memseta.o(.text)
    __aeabi_memclr4                          0x080054ff   Thumb Code     0  memseta.o(.text)
    __aeabi_memclr8                          0x080054ff   Thumb Code     0  memseta.o(.text)
    _memset$wrapper                          0x08005503   Thumb Code    18  memseta.o(.text)
    strncpy                                  0x08005515   Thumb Code    24  strncpy.o(.text)
    strlen                                   0x0800552d   Thumb Code    14  strlen.o(.text)
    strncat                                  0x0800553b   Thumb Code    40  strncat.o(.text)
    strcpy                                   0x08005563   Thumb Code    18  strcpy.o(.text)
    __scatterload                            0x08005575   Thumb Code    28  init.o(.text)
    __scatterload_rt2                        0x08005575   Thumb Code     0  init.o(.text)
    __decompress                             0x08005599   Thumb Code     0  __dczerorl2.o(.text)
    __decompress1                            0x08005599   Thumb Code    86  __dczerorl2.o(.text)
    __scatterload_copy                       0x080055ef   Thumb Code    14  handlers.o(i.__scatterload_copy)
    __scatterload_null                       0x080055fd   Thumb Code     2  handlers.o(i.__scatterload_null)
    __scatterload_zeroinit                   0x080055ff   Thumb Code    14  handlers.o(i.__scatterload_zeroinit)
    LED_GPIO_PINS                            0x0800570c   Data           6  led.o(.constdata)
    LED_GPIO_CLKS                            0x08005714   Data          12  led.o(.constdata)
    Region$$Table$$Base                      0x08005720   Number         0  anon$$obj.o(Region$$Table)
    Region$$Table$$Limit                     0x08005740   Number         0  anon$$obj.o(Region$$Table)
    x_rate_offset                            0x2000000c   Data           4  gyro.o(.data)
    y_rate_offset                            0x20000010   Data           4  gyro.o(.data)
    z_rate_offset                            0x20000014   Data           4  gyro.o(.data)
    gyro_scale                               0x20000018   Data           4  gyro.o(.data)
    dataRX                                   0x2000002d   Data           1  i2c.o(.data)
    publishedIndexFrame1                     0x2000002e   Data           1  i2c.o(.data)
    publishedIndexFrame2                     0x2000002f   Data           1  i2c.o(.data)
    notpublishedIndexFrame1                  0x20000030   Data           1  i2c.o(.data)
    notpublishedIndexFrame2                  0x20000031   Data           1  i2c.o(.data)
    readout_done_frame1                      0x20000032   Data           1  i2c.o(.data)
    readout_done_frame2                      0x20000033   Data           1  i2c.o(.data)
    stop_accumulation                        0x20000034   Data           1  i2c.o(.data)
    LED_GPIO_PORTS                           0x2000005c   Data          12  led.o(.data)
    send_system_state_now                    0x20000068   Data           1  main.o(.data)
    receive_now                              0x20000069   Data           1  main.o(.data)
    send_params_now                          0x2000006a   Data           1  main.o(.data)
    boot_time_ms                             0x2000006c   Data           4  main.o(.data)
    boot_time10_us                           0x20000070   Data           4  main.o(.data)
    x_rate_sensor                            0x20000078   Data           4  main.o(.data)
    y_rate_sensor                            0x2000007c   Data           4  main.o(.data)
    z_rate_sensor                            0x20000080   Data           4  main.o(.data)
    x_rate                                   0x20000084   Data           4  main.o(.data)
    y_rate                                   0x20000088   Data           4  main.o(.data)
    z_rate                                   0x2000008c   Data           4  main.o(.data)
    usart2_tx_counter_read                   0x20000090   Data           4  usart.o(.data)
    usart2_tx_counter_write                  0x20000094   Data           4  usart.o(.data)
    usart2_rx_counter_read                   0x20000098   Data           4  usart.o(.data)
    usart2_rx_counter_write                  0x2000009c   Data           4  usart.o(.data)
    usart3_tx_counter_read                   0x200000a0   Data           4  usart.o(.data)
    usart3_tx_counter_write                  0x200000a4   Data           4  usart.o(.data)
    usart3_rx_counter_read                   0x200000a8   Data           4  usart.o(.data)
    usart3_rx_counter_write                  0x200000ac   Data           4  usart.o(.data)
    usart2_tx_buffer                         0x200000b0   Data        4096  usart.o(.data)
    usart3_tx_buffer                         0x200010b0   Data        4096  usart.o(.data)
    APP_tx_ptr_head                          0x200020b0   Data           4  usbd_cdc_vcp.o(.data)
    APP_tx_ptr_tail                          0x200020b4   Data           4  usbd_cdc_vcp.o(.data)
    linecoding                               0x200020b8   Data           8  usbd_cdc_vcp.o(.data)
    VCP_fops                                 0x200020c0   Data          20  usbd_cdc_vcp.o(.data)
    USR_desc                                 0x200020d4   Data          28  usbd_desc.o(.data)
    USBD_LangIDDesc                          0x200020f0   Data           4  usbd_desc.o(.data)
    USBD_DeviceDesc                          0x200020f4   Data          18  usbd_desc.o(.data)
    USR_cb                                   0x20002108   Data          28  usbd_usr.o(.data)
    SystemCoreClock                          0x20002124   Data           4  system_stm32f4xx.o(.data)
    AHBPrescTable                            0x20002128   Data          16  system_stm32f4xx.o(.data)
    USBD_DCD_INT_cb                          0x20002148   Data          44  usbd_core.o(.data)
    USBD_DCD_INT_fops                        0x20002174   Data           4  usbd_core.o(.data)
    SET_TEST_MODE                            0x20002178   Data           4  usbd_core.o(.data)
    USBD_ep_status                           0x20002180   Data           4  usbd_req.o(.data)
    USBD_default_cfg                         0x20002184   Data           4  usbd_req.o(.data)
    USBD_cfg_status                          0x20002188   Data           4  usbd_req.o(.data)
    USB_Tx_State                             0x2000218c   Data           1  usbd_cdc_core.o(.data)
    APP_Rx_ptr_in                            0x20002194   Data           4  usbd_cdc_core.o(.data)
    APP_Rx_ptr_out                           0x20002198   Data           4  usbd_cdc_core.o(.data)
    APP_Rx_length                            0x2000219c   Data           4  usbd_cdc_core.o(.data)
    CmdBuff                                  0x200021ac   Data           8  usbd_cdc_core.o(.data)
    usbd_cdc_CfgDesc                         0x200021b4   Data          67  usbd_cdc_core.o(.data)
    USBD_CDC_cb                              0x200021f8   Data          44  usbd_cdc_core.o(.data)
    mavlink_system                           0x20002694   Data           9  communication.o(.bss)
    txDataFrame1                             0x20002770   Data          44  i2c.o(.bss)
    txDataFrame2                             0x2000279c   Data          56  i2c.o(.bss)
    USB_OTG_dev                              0x200027d4   Data        1524  main.o(.bss)
    global_data                              0x20002dec   Data         360  settings.o(.bss)
    usart2_rx_buffer                         0x20002f54   Data        4096  usart.o(.bss)
    usart3_rx_buffer                         0x20003f54   Data        4096  usart.o(.bss)
    APP_Tx_Buffer                            0x20004f54   Data         128  usbd_cdc_vcp.o(.bss)
    USBD_StrDesc                             0x20004fe3   Data         255  usbd_req.o(.bss)
    USB_Rx_Buffer                            0x200050e2   Data          64  usbd_cdc_core.o(.bss)
    APP_Rx_Buffer                            0x20005122   Data       32768  usbd_cdc_core.o(.bss)
    __initial_sp                             0x2000d528   Data           0  startup_stm32f4xx.o(STACK)



==============================================================================

Memory Map of the image

  Image Entry point : 0x08000189

  Load Region LR_IROM1 (Base: 0x08000000, Size: 0x00007964, Max: 0x00100000, ABSOLUTE, COMPRESSED[0x0000597c])

    Execution Region ER_IROM1 (Exec base: 0x08000000, Load base: 0x08000000, Size: 0x00005740, Max: 0x00100000, ABSOLUTE)

    Exec Addr    Load Addr    Size         Type   Attr      Idx    E Section Name        Object

    0x08000000   0x08000000   0x00000188   Data   RO         1389    RESET               startup_stm32f4xx.o
    0x08000188   0x08000188   0x00000000   Code   RO         1728  * .ARM.Collect$$$$00000000  mc_w.l(entry.o)
    0x08000188   0x08000188   0x00000004   Code   RO         1745    .ARM.Collect$$$$00000001  mc_w.l(entry2.o)
    0x0800018c   0x0800018c   0x00000004   Code   RO         1748    .ARM.Collect$$$$00000004  mc_w.l(entry5.o)
    0x08000190   0x08000190   0x00000000   Code   RO         1750    .ARM.Collect$$$$00000008  mc_w.l(entry7b.o)
    0x08000190   0x08000190   0x00000000   Code   RO         1752    .ARM.Collect$$$$0000000A  mc_w.l(entry8b.o)
    0x08000190   0x08000190   0x00000008   Code   RO         1753    .ARM.Collect$$$$0000000B  mc_w.l(entry9a.o)
    0x08000198   0x08000198   0x00000000   Code   RO         1755    .ARM.Collect$$$$0000000D  mc_w.l(entry10a.o)
    0x08000198   0x08000198   0x00000000   Code   RO         1757    .ARM.Collect$$$$0000000F  mc_w.l(entry11a.o)
    0x08000198   0x08000198   0x00000004   Code   RO         1746    .ARM.Collect$$$$00002712  mc_w.l(entry2.o)
    0x0800019c   0x0800019c   0x00000798   Code   RO            1    .text               communication.o
    0x08000934   0x08000934   0x000002bc   Code   RO          409    .text               debug.o
    0x08000bf0   0x08000bf0   0x000003a8   Code   RO          472    .text               gyro.o
    0x08000f98   0x08000f98   0x00000510   Code   RO          595    .text               i2c.o
    0x080014a8   0x080014a8   0x0000007c   Code   RO          645    .text               led.o
    0x08001524   0x08001524   0x00000194   Code   RO          746    .text               main.o
    0x080016b8   0x080016b8   0x00000050   Code   RO          815    .text               reset.o
    0x08001708   0x08001708   0x000002c0   Code   RO          827    .text               settings.o
    0x080019c8   0x080019c8   0x0000044a   Code   RO         1180    .text               usart.o
    0x08001e12   0x08001e12   0x00000002   PAD
    0x08001e14   0x08001e14   0x000000d8   Code   RO         1206    .text               usb_bsp.o
    0x08001eec   0x08001eec   0x00000170   Code   RO         1234    .text               usbd_cdc_vcp.o
    0x0800205c   0x0800205c   0x000000f4   Code   RO         1266    .text               usbd_desc.o
    0x08002150   0x08002150   0x0000000e   Code   RO         1303    .text               usbd_usr.o
    0x0800215e   0x0800215e   0x00000002   PAD
    0x08002160   0x08002160   0x000001ac   Code   RO         1328    .text               utils.o
    0x0800230c   0x0800230c   0x00000020   Code   RO         1342    .text               stm32f4xx_it.o
    0x0800232c   0x0800232c   0x00000198   Code   RO         1366    .text               system_stm32f4xx.o
    0x080024c4   0x080024c4   0x00000024   Code   RO         1390    .text               startup_stm32f4xx.o
    0x080024e8   0x080024e8   0x000000bc   Code   RO         1395    .text               misc.o
    0x080025a4   0x080025a4   0x00000224   Code   RO         1468    .text               stm32f4xx_gpio.o
    0x080027c8   0x080027c8   0x000003b8   Code   RO         1487    .text               stm32f4xx_i2c.o
    0x08002b80   0x08002b80   0x00000438   Code   RO         1506    .text               stm32f4xx_rcc.o
    0x08002fb8   0x08002fb8   0x00000334   Code   RO         1527    .text               stm32f4xx_spi.o
    0x080032ec   0x080032ec   0x000003b4   Code   RO         1565    .text               stm32f4xx_usart.o
    0x080036a0   0x080036a0   0x00000adc   Code   RO         1581    .text               usb_core.o
    0x0800417c   0x0800417c   0x00000260   Code   RO         1600    .text               usb_dcd.o
    0x080043dc   0x080043dc   0x000005b4   Code   RO         1616    .text               usb_dcd_int.o
    0x08004990   0x08004990   0x000002b0   Code   RO         1636    .text               usbd_core.o
    0x08004c40   0x08004c40   0x000000b8   Code   RO         1660    .text               usbd_ioreq.o
    0x08004cf8   0x08004cf8   0x0000057c   Code   RO         1676    .text               usbd_req.o
    0x08005274   0x08005274   0x00000258   Code   RO         1704    .text               usbd_cdc_core.o
    0x080054cc   0x080054cc   0x00000024   Code   RO         1731    .text               mc_w.l(memcpya.o)
    0x080054f0   0x080054f0   0x00000024   Code   RO         1733    .text               mc_w.l(memseta.o)
    0x08005514   0x08005514   0x00000018   Code   RO         1735    .text               mc_w.l(strncpy.o)
    0x0800552c   0x0800552c   0x0000000e   Code   RO         1737    .text               mc_w.l(strlen.o)
    0x0800553a   0x0800553a   0x00000028   Code   RO         1739    .text               mc_w.l(strncat.o)
    0x08005562   0x08005562   0x00000012   Code   RO         1741    .text               mc_w.l(strcpy.o)
    0x08005574   0x08005574   0x00000024   Code   RO         1759    .text               mc_w.l(init.o)
    0x08005598   0x08005598   0x00000056   Code   RO         1769    .text               mc_w.l(__dczerorl2.o)
    0x080055ee   0x080055ee   0x0000000e   Code   RO         1763    i.__scatterload_copy  mc_w.l(handlers.o)
    0x080055fc   0x080055fc   0x00000002   Code   RO         1764    i.__scatterload_null  mc_w.l(handlers.o)
    0x080055fe   0x080055fe   0x0000000e   Code   RO         1765    i.__scatterload_zeroinit  mc_w.l(handlers.o)
    0x0800560c   0x0800560c   0x00000100   Data   RO            3    .constdata          communication.o
    0x0800570c   0x0800570c   0x00000014   Data   RO          646    .constdata          led.o
    0x08005720   0x08005720   0x00000020   Data   RO         1761    Region$$Table       anon$$obj.o


    Execution Region RW_IRAM1 (Exec base: 0x20000000, Load base: 0x08005740, Size: 0x0000d528, Max: 0x00020000, ABSOLUTE, COMPRESSED[0x0000023c])

    Exec Addr    Load Addr    Size         Type   Attr      Idx    E Section Name        Object

    0x20000000   COMPRESSED   0x00000004   Data   RW            4    .data               communication.o
    0x20000004   COMPRESSED   0x00000006   Data   RW          411    .data               debug.o
    0x2000000a   COMPRESSED   0x00000002   PAD
    0x2000000c   COMPRESSED   0x00000020   Data   RW          474    .data               gyro.o
    0x2000002c   COMPRESSED   0x00000030   Data   RW          597    .data               i2c.o
    0x2000005c   COMPRESSED   0x0000000c   Data   RW          647    .data               led.o
    0x20000068   COMPRESSED   0x00000028   Data   RW          748    .data               main.o
    0x20000090   COMPRESSED   0x00002020   Data   RW         1182    .data               usart.o
    0x200020b0   COMPRESSED   0x00000010   Data   RW         1236    .data               usbd_cdc_vcp.o
    0x200020c0   COMPRESSED   0x00000014   Data   RW         1237    .data               usbd_cdc_vcp.o
    0x200020d4   COMPRESSED   0x0000001c   Data   RW         1267    .data               usbd_desc.o
    0x200020f0   COMPRESSED   0x00000016   Data   RW         1268    .data               usbd_desc.o
    0x20002106   COMPRESSED   0x00000002   PAD
    0x20002108   COMPRESSED   0x0000001c   Data   RW         1304    .data               usbd_usr.o
    0x20002124   COMPRESSED   0x00000014   Data   RW         1367    .data               system_stm32f4xx.o
    0x20002138   COMPRESSED   0x00000010   Data   RW         1507    .data               stm32f4xx_rcc.o
    0x20002148   COMPRESSED   0x0000002c   Data   RW         1637    .data               usbd_core.o
    0x20002174   COMPRESSED   0x00000004   Data   RW         1638    .data               usbd_core.o
    0x20002178   COMPRESSED   0x00000004   Data   RW         1639    .data               usbd_core.o
    0x2000217c   COMPRESSED   0x00000010   Data   RW         1678    .data               usbd_req.o
    0x2000218c   COMPRESSED   0x0000006b   Data   RW         1707    .data               usbd_cdc_core.o
    0x200021f7   COMPRESSED   0x00000001   PAD
    0x200021f8   COMPRESSED   0x0000002c   Data   RW         1708    .data               usbd_cdc_core.o
    0x20002224        -       0x00000479   Zero   RW            2    .bss                communication.o
    0x2000269d   COMPRESSED   0x00000003   PAD
    0x200026a0        -       0x000000d0   Zero   RW          410    .bss                debug.o
    0x20002770        -       0x00000064   Zero   RW          596    .bss                i2c.o
    0x200027d4        -       0x00000618   Zero   RW          747    .bss                main.o
    0x20002dec        -       0x00000168   Zero   RW          828    .bss                settings.o
    0x20002f54        -       0x00002000   Zero   RW         1181    .bss                usart.o
    0x20004f54        -       0x00000080   Zero   RW         1235    .bss                usbd_cdc_vcp.o
    0x20004fd4        -       0x0000000f   Zero   RW         1329    .bss                utils.o
    0x20004fe3        -       0x000000ff   Zero   RW         1677    .bss                usbd_req.o
    0x200050e2        -       0x00008040   Zero   RW         1706    .bss                usbd_cdc_core.o
    0x2000d122   COMPRESSED   0x00000006   PAD
    0x2000d128        -       0x00000400   Zero   RW         1387    STACK               startup_stm32f4xx.o


==============================================================================

Image component sizes


      Code (inc. data)   RO Data    RW Data    ZI Data      Debug   Object Name

      1944         68        256          4       1145      50201   communication.o
       700         20          0          6        208      14245   debug.o
       936         52          0         32          0     235688   gyro.o
      1296         50          0         48        100       6718   i2c.o
       124          8         20         12          0      22386   led.o
       404         38          0         40       1560      38546   main.o
       188         14          0          0          0       3941   misc.o
        80         22          0          0          0       1077   reset.o
       704        338          0          0        360       2676   settings.o
        36          8        392          0       1024        792   startup_stm32f4xx.o
       548         36          0          0          0      11241   stm32f4xx_gpio.o
       952         22          0          0          0      17359   stm32f4xx_i2c.o
        32          6          0          0          0       1404   stm32f4xx_it.o
      1080         48          0         16          0      24935   stm32f4xx_rcc.o
       820         20          0          0          0      15861   stm32f4xx_spi.o
       948         24          0          0          0       8892   stm32f4xx_usart.o
       408         46          0         20          0       1995   system_stm32f4xx.o
      1098         28          0       8224       8192      11379   usart.o
       216          4          0          0          0      21013   usb_bsp.o
      2780         18          0          0          0      13660   usb_core.o
       608          0          0          0          0       4612   usb_dcd.o
      1460         22          0          0          0       5819   usb_dcd_int.o
       600         16          0        151      32832       5804   usbd_cdc_core.o
       368         18          0         36        128       5344   usbd_cdc_vcp.o
       688          4          0         52          0       6046   usbd_core.o
       244         82          0         50          0       4232   usbd_desc.o
       184          0          0          0          0       2774   usbd_ioreq.o
      1404         44          0         16        255       6337   usbd_req.o
        14          0          0         28          0       1409   usbd_usr.o
       428         18          0          0         15       2597   utils.o

    ----------------------------------------------------------------------
     21296       1074        700       8740      45828     548983   Object Totals
         0          0         32          0          0          0   (incl. Generated)
         4          0          0          5          9          0   (incl. Padding)

    ----------------------------------------------------------------------

      Code (inc. data)   RO Data    RW Data    ZI Data      Debug   Library Member Name

        86          0          0          0          0          0   __dczerorl2.o
         0          0          0          0          0          0   entry.o
         0          0          0          0          0          0   entry10a.o
         0          0          0          0          0          0   entry11a.o
         8          4          0          0          0          0   entry2.o
         4          0          0          0          0          0   entry5.o
         0          0          0          0          0          0   entry7b.o
         0          0          0          0          0          0   entry8b.o
         8          4          0          0          0          0   entry9a.o
        30          0          0          0          0          0   handlers.o
        36          8          0          0          0         68   init.o
        36          0          0          0          0         68   memcpya.o
        36          0          0          0          0        108   memseta.o
        18          0          0          0          0         68   strcpy.o
        14          0          0          0          0         68   strlen.o
        40          0          0          0          0         76   strncat.o
        24          0          0          0          0         76   strncpy.o

    ----------------------------------------------------------------------
       340         16          0          0          0        532   Library Totals
         0          0          0          0          0          0   (incl. Padding)

    ----------------------------------------------------------------------

      Code (inc. data)   RO Data    RW Data    ZI Data      Debug   Library Name

       340         16          0          0          0        532   mc_w.l

    ----------------------------------------------------------------------
       340         16          0          0          0        532   Library Totals

    ----------------------------------------------------------------------

==============================================================================


      Code (inc. data)   RO Data    RW Data    ZI Data      Debug   

     21636       1090        700       8740      45828     542991   Grand Totals
     21636       1090        700        572      45828     542991   ELF Image Totals (compressed)
     21636       1090        700        572          0          0   ROM Totals

==============================================================================

    Total RO  Size (Code + RO Data)                22336 (  21.81kB)
    Total RW  Size (RW Data + ZI Data)             54568 (  53.29kB)
    Total ROM Size (Code + RO Data + RW Data)      22908 (  22.37kB)

==============================================================================

